Component: ARM Compiler 5.06 update 7 (build 960) Tool: armlink [4d3601]

==============================================================================

Section Cross References

    delay.o(i.delay_init) refers to misc.o(i.SysTick_CLKSourceConfig) for SysTick_CLKSourceConfig
    delay.o(i.delay_init) refers to system_stm32f10x.o(.data) for SystemCoreClock
    delay.o(i.delay_init) refers to delay.o(.data) for fac_us
    delay.o(i.delay_ms) refers to delay.o(.data) for fac_ms
    delay.o(i.delay_us) refers to delay.o(.data) for fac_us
    led.o(i.led_init) refers to stm32f10x_rcc.o(i.RCC_APB2PeriphClockCmd) for RCC_APB2PeriphClockCmd
    led.o(i.led_init) refers to stm32f10x_gpio.o(i.GPIO_Init) for GPIO_Init
    main.o(i.TIM2_IRQHandler) refers to _printf_percent.o(.ARM.Collect$$_printf_percent$$00000000) for _printf_percent
    main.o(i.TIM2_IRQHandler) refers to _printf_f.o(.ARM.Collect$$_printf_percent$$00000003) for _printf_f
    main.o(i.TIM2_IRQHandler) refers to printf1.o(x$fpl$printf1) for _printf_fp_dec
    main.o(i.TIM2_IRQHandler) refers to stm32f10x_tim.o(i.TIM_GetITStatus) for TIM_GetITStatus
    main.o(i.TIM2_IRQHandler) refers to noretval__2printf.o(.text) for __2printf
    main.o(i.TIM2_IRQHandler) refers to stm32f10x_tim.o(i.TIM_ClearITPendingBit) for TIM_ClearITPendingBit
    main.o(i.TIM2_IRQHandler) refers to main.o(.data) for pretem
    main.o(i.main) refers to delay.o(i.delay_init) for delay_init
    main.o(i.main) refers to adc.o(i.ADS1018_Init) for ADS1018_Init
    main.o(i.main) refers to usart.o(i.uart_init) for uart_init
    main.o(i.main) refers to oled.o(i.OLED_Init) for OLED_Init
    main.o(i.main) refers to oled.o(i.OLED_ColorTurn) for OLED_ColorTurn
    main.o(i.main) refers to oled.o(i.OLED_DisplayTurn) for OLED_DisplayTurn
    main.o(i.main) refers to oled.o(i.OLED_Refresh) for OLED_Refresh
    main.o(i.main) refers to timer.o(i.Timer2_Init) for Timer2_Init
    main.o(i.main) refers to adc.o(i.read_SensorTemp) for read_SensorTemp
    main.o(i.main) refers to main.o(i.showchs) for showchs
    main.o(i.main) refers to d2f.o(x$fpl$d2f) for __aeabi_d2f
    main.o(i.main) refers to main.o(i.showFloat) for showFloat
    main.o(i.main) refers to adc.o(i.read_SensorObj) for read_SensorObj
    main.o(i.main) refers to daddsub_clz.o(x$fpl$dadd) for __aeabi_dadd
    main.o(i.main) refers to ddiv.o(x$fpl$ddiv) for __aeabi_ddiv
    main.o(i.main) refers to adc.o(i.read_SensorTempR) for read_SensorTempR
    main.o(i.main) refers to main.o(i.showFloat2) for showFloat2
    main.o(i.main) refers to adc.o(i.read_SensorObjV) for read_SensorObjV
    main.o(i.main) refers to main.o(.data) for pretem
    main.o(i.showFloat) refers to ffixu.o(x$fpl$ffixu) for __aeabi_f2uiz
    main.o(i.showFloat) refers to oled.o(i.OLED_ShowNum) for OLED_ShowNum
    main.o(i.showFloat) refers to oled.o(i.OLED_DrawPoint) for OLED_DrawPoint
    main.o(i.showFloat) refers to ffix.o(x$fpl$ffix) for __aeabi_f2iz
    main.o(i.showFloat) refers to fflt_clz.o(x$fpl$fflt) for __aeabi_i2f
    main.o(i.showFloat) refers to faddsub_clz.o(x$fpl$frsb) for __aeabi_frsub
    main.o(i.showFloat) refers to fmul.o(x$fpl$fmul) for __aeabi_fmul
    main.o(i.showFloat) refers to oled.o(i.OLED_ShowChinese) for OLED_ShowChinese
    main.o(i.showFloat2) refers to ffixu.o(x$fpl$ffixu) for __aeabi_f2uiz
    main.o(i.showFloat2) refers to oled.o(i.OLED_ShowNum) for OLED_ShowNum
    main.o(i.showFloat2) refers to oled.o(i.OLED_DrawPoint) for OLED_DrawPoint
    main.o(i.showFloat2) refers to ffix.o(x$fpl$ffix) for __aeabi_f2iz
    main.o(i.showFloat2) refers to fflt_clz.o(x$fpl$fflt) for __aeabi_i2f
    main.o(i.showFloat2) refers to faddsub_clz.o(x$fpl$frsb) for __aeabi_frsub
    main.o(i.showFloat2) refers to fmul.o(x$fpl$fmul) for __aeabi_fmul
    main.o(i.showchs) refers to oled.o(i.OLED_ShowChinese) for OLED_ShowChinese
    sys.o(i.NVIC_Configuration) refers to misc.o(i.NVIC_PriorityGroupConfig) for NVIC_PriorityGroupConfig
    adc.o(i.ADS1018_Init) refers to stm32f10x_spi.o(i.SPI_I2S_DeInit) for SPI_I2S_DeInit
    adc.o(i.ADS1018_Init) refers to stm32f10x_rcc.o(i.RCC_APB1PeriphClockCmd) for RCC_APB1PeriphClockCmd
    adc.o(i.ADS1018_Init) refers to stm32f10x_rcc.o(i.RCC_APB2PeriphClockCmd) for RCC_APB2PeriphClockCmd
    adc.o(i.ADS1018_Init) refers to stm32f10x_gpio.o(i.GPIO_Init) for GPIO_Init
    adc.o(i.ADS1018_Init) refers to stm32f10x_gpio.o(i.GPIO_SetBits) for GPIO_SetBits
    adc.o(i.ADS1018_Init) refers to stm32f10x_spi.o(i.SPI_Init) for SPI_Init
    adc.o(i.ADS1018_Init) refers to stm32f10x_spi.o(i.SPI_Cmd) for SPI_Cmd
    adc.o(i.ADS1018_Init) refers to adc.o(i.CS_Init) for CS_Init
    adc.o(i.ADS1018_Init) refers to adc.o(i.CS_Set) for CS_Set
    adc.o(i.ADS1018_ReadData) refers to adc.o(i.ADS1018_Config) for ADS1018_Config
    adc.o(i.ADS1018_ReadData) refers to adc.o(i.CS_Reset) for CS_Reset
    adc.o(i.ADS1018_ReadData) refers to adc.o(i.SPI2_ReadWriteByte) for SPI2_ReadWriteByte
[...]
    ../clib/angel/boardlib.s                 0x00000000   Number         0  boardinit2.o ABSOLUTE
    ../clib/angel/boardlib.s                 0x00000000   Number         0  boardinit1.o ABSOLUTE
    ../clib/angel/boardlib.s                 0x00000000   Number         0  boardshut.o ABSOLUTE
    ../clib/angel/dclz77c.s                  0x00000000   Number         0  __dclz77c.o ABSOLUTE
    ../clib/angel/handlers.s                 0x00000000   Number         0  __scatter_zi.o ABSOLUTE
    ../clib/angel/kernel.s                   0x00000000   Number         0  __rtentry.o ABSOLUTE
    ../clib/angel/kernel.s                   0x00000000   Number         0  __rtentry2.o ABSOLUTE
    ../clib/angel/kernel.s                   0x00000000   Number         0  rtexit2.o ABSOLUTE
    ../clib/angel/kernel.s                   0x00000000   Number         0  rtexit.o ABSOLUTE
    ../clib/angel/kernel.s                   0x00000000   Number         0  __rtentry4.o ABSOLUTE
    ../clib/angel/rt.s                       0x00000000   Number         0  rt_locale_intlibspace.o ABSOLUTE
    ../clib/angel/rt.s                       0x00000000   Number         0  rt_locale.o ABSOLUTE
    ../clib/angel/rt.s                       0x00000000   Number         0  rt_raise.o ABSOLUTE
    ../clib/angel/scatter.s                  0x00000000   Number         0  __scatter.o ABSOLUTE
    ../clib/angel/startup.s                  0x00000000   Number         0  __main.o ABSOLUTE
    ../clib/angel/sys.s                      0x00000000   Number         0  use_no_semi_2.o ABSOLUTE
    ../clib/angel/sys.s                      0x00000000   Number         0  sys_stackheap_outer.o ABSOLUTE
    ../clib/angel/sys.s                      0x00000000   Number         0  indicate_semi.o ABSOLUTE
    ../clib/angel/sys.s                      0x00000000   Number         0  libspace.o ABSOLUTE
    ../clib/angel/sys.s                      0x00000000   Number         0  use_no_semi.o ABSOLUTE
    ../clib/angel/sysapp.c                   0x00000000   Number         0  sys_wrch.o ABSOLUTE
    ../clib/angel/sysapp.c                   0x00000000   Number         0  sys_command.o ABSOLUTE
    ../clib/armsys.c                         0x00000000   Number         0  argv_veneer.o ABSOLUTE
    ../clib/armsys.c                         0x00000000   Number         0  argv_veneer.o ABSOLUTE
    ../clib/armsys.c                         0x00000000   Number         0  _get_argv_nomalloc.o ABSOLUTE
    ../clib/armsys.c                         0x00000000   Number         0  no_argv.o ABSOLUTE
    ../clib/bigflt.c                         0x00000000   Number         0  bigflt0.o ABSOLUTE
    ../clib/btod.s                           0x00000000   Number         0  btod.o ABSOLUTE
    ../clib/heapalloc.c                      0x00000000   Number         0  hrguard.o ABSOLUTE
    ../clib/heapaux.c                        0x00000000   Number         0  heapauxi.o ABSOLUTE
    ../clib/libinit.s                        0x00000000   Number         0  libshutdown2.o ABSOLUTE
    ../clib/libinit.s                        0x00000000   Number         0  libshutdown.o ABSOLUTE
    ../clib/libinit.s                        0x00000000   Number         0  libinit2.o ABSOLUTE
    ../clib/libinit.s                        0x00000000   Number         0  libinit.o ABSOLUTE
    ../clib/locale.s                         0x00000000   Number         0  lc_numeric_c.o ABSOLUTE
    ../clib/longlong.s                       0x00000000   Number         0  lludiv10.o ABSOLUTE
    ../clib/memcpset.s                       0x00000000   Number         0  strcmpv7m.o ABSOLUTE
    ../clib/misc.s                           0x00000000   Number         0  printf_stubs.o ABSOLUTE
    ../clib/printf.c                         0x00000000   Number         0  _printf_char_file.o ABSOLUTE
    ../clib/printf.c                         0x00000000   Number         0  __printf_flags.o ABSOLUTE
    ../clib/printf.c                         0x00000000   Number         0  _printf_char_common.o ABSOLUTE
    ../clib/printf.c                         0x00000000   Number         0  __2printf.o ABSOLUTE
    ../clib/printf.c                         0x00000000   Number         0  _printf_fp_infnan.o ABSOLUTE
    ../clib/printf.c                         0x00000000   Number         0  _printf_fp_dec.o ABSOLUTE
    ../clib/printf.c                         0x00000000   Number         0  noretval__2printf.o ABSOLUTE
    ../clib/printf.c                         0x00000000   Number         0  __printf.o ABSOLUTE
    ../clib/printf.c                         0x00000000   Number         0  __printf_nopercent.o ABSOLUTE
    ../clib/printf.c                         0x00000000   Number         0  __printf_flags_ss_wp.o ABSOLUTE
    ../clib/printf.c                         0x00000000   Number         0  __printf_ss_wp.o ABSOLUTE
    ../clib/printf.c                         0x00000000   Number         0  __printf_wp.o ABSOLUTE
    ../clib/printf.c                         0x00000000   Number         0  __printf_flags_wp.o ABSOLUTE
    ../clib/printf.c                         0x00000000   Number         0  __printf_flags_ss.o ABSOLUTE
    ../clib/printf.c                         0x00000000   Number         0  __printf_ss.o ABSOLUTE
    ../clib/printf_percent.s                 0x00000000   Number         0  _printf_percent.o ABSOLUTE
    ../clib/printf_percent.s                 0x00000000   Number         0  _printf_percent_end.o ABSOLUTE
    ../clib/printf_percent.s                 0x00000000   Number         0  _printf_f.o ABSOLUTE
    ../clib/signal.c                         0x00000000   Number         0  defsig_rtred_inner.o ABSOLUTE
    ../clib/signal.c                         0x00000000   Number         0  defsig_rtmem_formal.o ABSOLUTE
    ../clib/signal.c                         0x00000000   Number         0  __raise.o ABSOLUTE
    ../clib/signal.c                         0x00000000   Number         0  defsig_segv_inner.o ABSOLUTE
    ../clib/signal.c                         0x00000000   Number         0  defsig_other.o ABSOLUTE
    ../clib/signal.c                         0x00000000   Number         0  defsig_rtmem_outer.o ABSOLUTE
    ../clib/signal.c                         0x00000000   Number         0  defsig_rtmem_inner.o ABSOLUTE
    ../clib/signal.c                         0x00000000   Number         0  defsig_general.o ABSOLUTE
    ../clib/signal.c                         0x00000000   Number         0  defsig_exit.o ABSOLUTE
    ../clib/signal.c                         0x00000000   Number         0  defsig_abrt_inner.o ABSOLUTE
    ../clib/signal.c                         0x00000000   Number         0  defsig_pvfn_inner.o ABSOLUTE
    ../clib/signal.c                         0x00000000   Number         0  defsig_stak_inner.o ABSOLUTE
    ../clib/signal.c                         0x00000000   Number         0  defsig_cppl_inner.o ABSOLUTE
    ../clib/signal.c                         0x00000000   Number         0  defsig_fpe_inner.o ABSOLUTE
    ../clib/signal.s                         0x00000000   Number         0  defsig.o ABSOLUTE
    ../clib/stdio.c                          0x00000000   Number         0  ferror.o ABSOLUTE
    ../clib/stdio.c                          0x00000000   Number         0  ferror_locked.o ABSOLUTE
    ../clib/stdlib.c                         0x00000000   Number         0  exit.o ABSOLUTE
    ../fplib/d2f.s                           0x00000000   Number         0  d2f.o ABSOLUTE
    ../fplib/daddsub.s                       0x00000000   Number         0  daddsub_clz.o ABSOLUTE
    ../fplib/ddiv.s                          0x00000000   Number         0  ddiv.o ABSOLUTE
    ../fplib/dflt.s                          0x00000000   Number         0  dflt_clz.o ABSOLUTE
    ../fplib/dmul.s                          0x00000000   Number         0  dmul.o ABSOLUTE
    ../fplib/dnaninf.s                       0x00000000   Number         0  dnaninf.o ABSOLUTE
    ../fplib/dretinf.s                       0x00000000   Number         0  dretinf.o ABSOLUTE
    ../fplib/faddsub.s                       0x00000000   Number         0  faddsub_clz.o ABSOLUTE
    ../fplib/ffix.s                          0x00000000   Number         0  ffix.o ABSOLUTE
    ../fplib/ffixu.s                         0x00000000   Number         0  ffixu.o ABSOLUTE
    ../fplib/fflt.s                          0x00000000   Number         0  fflt_clz.o ABSOLUTE
    ../fplib/fmul.s                          0x00000000   Number         0  fmul.o ABSOLUTE
    ../fplib/fnaninf.s                       0x00000000   Number         0  fnaninf.o ABSOLUTE
    ../fplib/fpinit.s                        0x00000000   Number         0  fpinit.o ABSOLUTE
    ../fplib/fretinf.s                       0x00000000   Number         0  fretinf.o ABSOLUTE
    ../fplib/istatus.s                       0x00000000   Number         0  istatus.o ABSOLUTE
    ../fplib/printf1.s                       0x00000000   Number         0  printf1.o ABSOLUTE
    ../fplib/usenofp.s                       0x00000000   Number         0  usenofp.o ABSOLUTE
    ../mathlib/fpclassify.c                  0x00000000   Number         0  fpclassify.o ABSOLUTE
    C:/Users/Hao/AppData/Local/Arm/Packs/Keil/STM32F1xx_DFP/2.4.1/Device/StdPeriph_Driver/src/misc.c 0x00000000   Number         0  misc.o ABSOLUTE
    C:/Users/Hao/AppData/Local/Arm/Packs/Keil/STM32F1xx_DFP/2.4.1/Device/StdPeriph_Driver/src/stm32f10x_gpio.c 0x00000000   Number         0  stm32f10x_gpio.o ABSOLUTE
    C:/Users/Hao/AppData/Local/Arm/Packs/Keil/STM32F1xx_DFP/2.4.1/Device/StdPeriph_Driver/src/stm32f10x_rcc.c 0x00000000   Number         0  stm32f10x_rcc.o ABSOLUTE
    C:/Users/Hao/AppData/Local/Arm/Packs/Keil/STM32F1xx_DFP/2.4.1/Device/StdPeriph_Driver/src/stm32f10x_spi.c 0x00000000   Number         0  stm32f10x_spi.o ABSOLUTE
    C:/Users/Hao/AppData/Local/Arm/Packs/Keil/STM32F1xx_DFP/2.4.1/Device/StdPeriph_Driver/src/stm32f10x_tim.c 0x00000000   Number         0  stm32f10x_tim.o ABSOLUTE
    C:/Users/Hao/AppData/Local/Arm/Packs/Keil/STM32F1xx_DFP/2.4.1/Device/StdPeriph_Driver/src/stm32f10x_usart.c 0x00000000   Number         0  stm32f10x_usart.o ABSOLUTE
    C:/Users/Hao/AppData/Local/Arm/Packs/Keil/STM32F1xx_DFP/2.4.1/RTE_Driver/GPIO_STM32F10x.c 0x00000000   Number         0  gpio_stm32f10x.o ABSOLUTE
    C:\Users\Hao\AppData\Local\Arm\Packs\Keil\STM32F1xx_DFP\2.4.1\Device\StdPeriph_Driver\src\misc.c 0x00000000   Number         0  misc.o ABSOLUTE
    C:\Users\Hao\AppData\Local\Arm\Packs\Keil\STM32F1xx_DFP\2.4.1\Device\StdPeriph_Driver\src\stm32f10x_gpio.c 0x00000000   Number         0  stm32f10x_gpio.o ABSOLUTE
    C:\Users\Hao\AppData\Local\Arm\Packs\Keil\STM32F1xx_DFP\2.4.1\Device\StdPeriph_Driver\src\stm32f10x_rcc.c 0x00000000   Number         0  stm32f10x_rcc.o ABSOLUTE
    C:\Users\Hao\AppData\Local\Arm\Packs\Keil\STM32F1xx_DFP\2.4.1\Device\StdPeriph_Driver\src\stm32f10x_spi.c 0x00000000   Number         0  stm32f10x_spi.o ABSOLUTE
    C:\Users\Hao\AppData\Local\Arm\Packs\Keil\STM32F1xx_DFP\2.4.1\Device\StdPeriph_Driver\src\stm32f10x_tim.c 0x00000000   Number         0  stm32f10x_tim.o ABSOLUTE
    C:\Users\Hao\AppData\Local\Arm\Packs\Keil\STM32F1xx_DFP\2.4.1\Device\StdPeriph_Driver\src\stm32f10x_usart.c 0x00000000   Number         0  stm32f10x_usart.o ABSOLUTE
    C:\Users\Hao\AppData\Local\Arm\Packs\Keil\STM32F1xx_DFP\2.4.1\RTE_Driver\GPIO_STM32F10x.c 0x00000000   Number         0  gpio_stm32f10x.o ABSOLUTE
    Libraries\STM32F10x\src\adc.c            0x00000000   Number         0  adc.o ABSOLUTE
    Libraries\STM32F10x\src\delay.c          0x00000000   Number         0  delay.o ABSOLUTE
    Libraries\STM32F10x\src\led.c            0x00000000   Number         0  led.o ABSOLUTE
    Libraries\STM32F10x\src\main.c           0x00000000   Number         0  main.o ABSOLUTE
    Libraries\STM32F10x\src\oled.c           0x00000000   Number         0  oled.o ABSOLUTE
    Libraries\STM32F10x\src\sys.c            0x00000000   Number         0  sys.o ABSOLUTE
    Libraries\STM32F10x\src\timer.c          0x00000000   Number         0  timer.o ABSOLUTE
    Libraries\STM32F10x\src\usart.c          0x00000000   Number         0  usart.o ABSOLUTE
    Libraries\\STM32F10x\\src\\adc.c         0x00000000   Number         0  adc.o ABSOLUTE
    Libraries\\STM32F10x\\src\\delay.c       0x00000000   Number         0  delay.o ABSOLUTE
    Libraries\\STM32F10x\\src\\led.c         0x00000000   Number         0  led.o ABSOLUTE
    Libraries\\STM32F10x\\src\\main.c        0x00000000   Number         0  main.o ABSOLUTE
    Libraries\\STM32F10x\\src\\oled.c        0x00000000   Number         0  oled.o ABSOLUTE
    Libraries\\STM32F10x\\src\\sys.c         0x00000000   Number         0  sys.o ABSOLUTE
    Libraries\\STM32F10x\\src\\timer.c       0x00000000   Number         0  timer.o ABSOLUTE
    Libraries\\STM32F10x\\src\\usart.c       0x00000000   Number         0  usart.o ABSOLUTE
    RTE/Device/STM32F103C8/startup_stm32f10x_md.s 0x00000000   Number         0  startup_stm32f10x_md.o ABSOLUTE
    RTE/Device/STM32F103C8/system_stm32f10x.c 0x00000000   Number         0  system_stm32f10x.o ABSOLUTE
    RTE\Device\STM32F103C8\system_stm32f10x.c 0x00000000   Number         0  system_stm32f10x.o ABSOLUTE
    dc.s                                     0x00000000   Number         0  dc.o ABSOLUTE
    RESET                                    0x08000000   Section      236  startup_stm32f10x_md.o(RESET)
    !!!main                                  0x080000ec   Section        8  __main.o(!!!main)
    !!!scatter                               0x080000f4   Section       52  __scatter.o(!!!scatter)
    !!dclz77c                                0x08000128   Section      100  __dclz77c.o(!!dclz77c)
    !!handler_zi                             0x0800018c   Section       28  __scatter_zi.o(!!handler_zi)
    .ARM.Collect$$_printf_percent$$00000000  0x080001a8   Section        0  _printf_percent.o(.ARM.Collect$$_printf_percent$$00000000)
    .ARM.Collect$$_printf_percent$$00000003  0x080001a8   Section        6  _printf_f.o(.ARM.Collect$$_printf_percent$$00000003)
    .ARM.Collect$$_printf_percent$$00000017  0x080001ae   Section        4  _printf_percent_end.o(.ARM.Collect$$_printf_percent$$00000017)
    .ARM.Collect$$libinit$$00000000          0x080001b2   Section        2  libinit.o(.ARM.Collect$$libinit$$00000000)
    .ARM.Collect$$libinit$$00000002          0x080001b4   Section        0  libinit2.o(.ARM.Collect$$libinit$$00000002)
    .ARM.Collect$$libinit$$00000004          0x080001b4   Section        0  libinit2.o(.ARM.Collect$$libinit$$00000004)
    .ARM.Collect$$libinit$$0000000A          0x080001b4   Section        0  libinit2.o(.ARM.Collect$$libinit$$0000000A)
    .ARM.Collect$$libinit$$0000000C          0x080001b4   Section        0  libinit2.o(.ARM.Collect$$libinit$$0000000C)
    .ARM.Collect$$libinit$$0000000E          0x080001b4   Section        0  libinit2.o(.ARM.Collect$$libinit$$0000000E)
    .ARM.Collect$$libinit$$0000000F          0x080001b4   Section        6  libinit2.o(.ARM.Collect$$libinit$$0000000F)
    .ARM.Collect$$libinit$$00000011          0x080001ba   Section        0  libinit2.o(.ARM.Collect$$libinit$$00000011)
    .ARM.Collect$$libinit$$00000013          0x080001ba   Section        0  libinit2.o(.ARM.Collect$$libinit$$00000013)
    .ARM.Collect$$libinit$$00000015          0x080001ba   Section        0  libinit2.o(.ARM.Collect$$libinit$$00000015)
    .ARM.Collect$$libinit$$00000016          0x080001ba   Section       10  libinit2.o(.ARM.Collect$$libinit$$00000016)
    .ARM.Collect$$libinit$$00000017          0x080001c4   Section        0  libinit2.o(.ARM.Collect$$libinit$$00000017)
    .ARM.Collect$$libinit$$00000019          0x080001c4   Section        0  libinit2.o(.ARM.Collect$$libinit$$00000019)
    .ARM.Collect$$libinit$$0000001B          0x080001c4   Section        0  libinit2.o(.ARM.Collect$$libinit$$0000001B)
    .ARM.Collect$$libinit$$0000001D          0x080001c4   Section        0  libinit2.o(.ARM.Collect$$libinit$$0000001D)
    .ARM.Collect$$libinit$$0000001F          0x080001c4   Section        0  libinit2.o(.ARM.Collect$$libinit$$0000001F)
    .ARM.Collect$$libinit$$00000021          0x080001c4   Section        0  libinit2.o(.ARM.Collect$$libinit$$00000021)
    .ARM.Collect$$libinit$$00000023          0x080001c4   Section        0  libinit2.o(.ARM.Collect$$libinit$$00000023)
    .ARM.Collect$$libinit$$00000025          0x080001c4   Section        0  libinit2.o(.ARM.Collect$$libinit$$00000025)
    .ARM.Collect$$libinit$$0000002C          0x080001c4   Section        0  libinit2.o(.ARM.Collect$$libinit$$0000002C)
    .ARM.Collect$$libinit$$0000002E          0x080001c4   Section        0  libinit2.o(.ARM.Collect$$libinit$$0000002E)
    .ARM.Collect$$libinit$$00000030          0x080001c4   Section        0  libinit2.o(.ARM.Collect$$libinit$$00000030)
    .ARM.Collect$$libinit$$00000032          0x080001c4   Section        0  libinit2.o(.ARM.Collect$$libinit$$00000032)
    .ARM.Collect$$libinit$$00000033          0x080001c4   Section        2  libinit2.o(.ARM.Collect$$libinit$$00000033)
    .ARM.Collect$$libshutdown$$00000000      0x080001c6   Section        2  libshutdown.o(.ARM.Collect$$libshutdown$$00000000)
    .ARM.Collect$$libshutdown$$00000002      0x080001c8   Section        0  libshutdown2.o(.ARM.Collect$$libshutdown$$00000002)
    .ARM.Collect$$libshutdown$$00000004      0x080001c8   Section        0  libshutdown2.o(.ARM.Collect$$libshutdown$$00000004)
    .ARM.Collect$$libshutdown$$00000006      0x080001c8   Section        0  libshutdown2.o(.ARM.Collect$$libshutdown$$00000006)
    .ARM.Collect$$libshutdown$$00000009      0x080001c8   Section        0  libshutdown2.o(.ARM.Collect$$libshutdown$$00000009)
    .ARM.Collect$$libshutdown$$0000000C      0x080001c8   Section        0  libshutdown2.o(.ARM.Collect$$libshutdown$$0000000C)
    .ARM.Collect$$libshutdown$$0000000E      0x080001c8   Section        0  libshutdown2.o(.ARM.Collect$$libshutdown$$0000000E)
    .ARM.Collect$$libshutdown$$00000011      0x080001c8   Section        0  libshutdown2.o(.ARM.Collect$$libshutdown$$00000011)
    .ARM.Collect$$libshutdown$$00000012      0x080001c8   Section        2  libshutdown2.o(.ARM.Collect$$libshutdown$$00000012)
    .ARM.Collect$$rtentry$$00000000          0x080001ca   Section        0  __rtentry.o(.ARM.Collect$$rtentry$$00000000)
    .ARM.Collect$$rtentry$$00000002          0x080001ca   Section        0  __rtentry2.o(.ARM.Collect$$rtentry$$00000002)
    .ARM.Collect$$rtentry$$00000004          0x080001ca   Section        6  __rtentry4.o(.ARM.Collect$$rtentry$$00000004)
    .ARM.Collect$$rtentry$$00000009          0x080001d0   Section        0  __rtentry2.o(.ARM.Collect$$rtentry$$00000009)
    .ARM.Collect$$rtentry$$0000000A          0x080001d0   Section        4  __rtentry2.o(.ARM.Collect$$rtentry$$0000000A)
    .ARM.Collect$$rtentry$$0000000C          0x080001d4   Section        0  __rtentry2.o(.ARM.Collect$$rtentry$$0000000C)
    .ARM.Collect$$rtentry$$0000000D          0x080001d4   Section        8  __rtentry2.o(.ARM.Collect$$rtentry$$0000000D)
    .ARM.Collect$$rtexit$$00000000           0x080001dc   Section        2  rtexit.o(.ARM.Collect$$rtexit$$00000000)
    .ARM.Collect$$rtexit$$00000002           0x080001de   Section        0  rtexit2.o(.ARM.Collect$$rtexit$$00000002)
    .ARM.Collect$$rtexit$$00000003           0x080001de   Section        4  rtexit2.o(.ARM.Collect$$rtexit$$00000003)
    .ARM.Collect$$rtexit$$00000004           0x080001e2   Section        6  rtexit2.o(.ARM.Collect$$rtexit$$00000004)
    .text                                    0x080001e8   Section       64  startup_stm32f10x_md.o(.text)
    .text                                    0x08000228   Section        2  use_no_semi_2.o(.text)
    .text                                    0x0800022c   Section        0  noretval__2printf.o(.text)
    .text                                    0x08000244   Section        0  __printf_ss.o(.text)
    .text                                    0x080002fc   Section        0  heapauxi.o(.text)
    .text                                    0x08000302   Section        2  use_no_semi.o(.text)
    .text                                    0x08000304   Section        0  _printf_fp_dec.o(.text)
    _fp_digits                               0x08000307   Thumb Code   432  _printf_fp_dec.o(.text)
    .text                                    0x08000724   Section        0  _printf_char_file.o(.text)
    .text                                    0x08000748   Section        8  rt_locale_intlibspace.o(.text)
    .text                                    0x08000750   Section      138  lludiv10.o(.text)
    .text                                    0x080007dc   Section        0  _printf_char_common.o(.text)
    _printf_input_char                       0x080007dd   Thumb Code    10  _printf_char_common.o(.text)
    .text                                    0x0800080c   Section        0  _printf_fp_infnan.o(.text)
    .text                                    0x0800088c   Section        0  bigflt0.o(.text)
    .text                                    0x08000970   Section        0  ferror.o(.text)
    .text                                    0x08000978   Section        8  libspace.o(.text)
    .text                                    0x08000980   Section       74  sys_stackheap_outer.o(.text)
    .text                                    0x080009ca   Section        0  exit.o(.text)
    .text                                    0x080009dc   Section      128  strcmpv7m.o(.text)
    CL$$btod_d2e                             0x08000a5c   Section       62  btod.o(CL$$btod_d2e)
    CL$$btod_d2e_denorm_low                  0x08000a9a   Section       70  btod.o(CL$$btod_d2e_denorm_low)
    CL$$btod_d2e_norm_op1                    0x08000ae0   Section       96  btod.o(CL$$btod_d2e_norm_op1)
    CL$$btod_div_common                      0x08000b40   Section      824  btod.o(CL$$btod_div_common)
    CL$$btod_e2e                             0x08000e78   Section      220  btod.o(CL$$btod_e2e)
    CL$$btod_ediv                            0x08000f54   Section       42  btod.o(CL$$btod_ediv)
    CL$$btod_emul                            0x08000f7e   Section       42  btod.o(CL$$btod_emul)
    CL$$btod_mult_common                     0x08000fa8   Section      580  btod.o(CL$$btod_mult_common)
    i.ADS1018_Config                         0x080011ec   Section        0  adc.o(i.ADS1018_Config)
    i.ADS1018_Init                           0x0800124c   Section        0  adc.o(i.ADS1018_Init)
    i.ADS1018_ReadData                       0x080012e8   Section        0  adc.o(i.ADS1018_ReadData)
    i.CS_Init                                0x080013b4   Section        0  adc.o(i.CS_Init)
    i.CS_Reset                               0x080013e8   Section        0  adc.o(i.CS_Reset)
    i.CS_Set                                 0x080013f8   Section        0  adc.o(i.CS_Set)
    i.GPIO_Init                              0x08001408   Section        0  stm32f10x_gpio.o(i.GPIO_Init)
    i.GPIO_PinRemapConfig                    0x08001520   Section        0  stm32f10x_gpio.o(i.GPIO_PinRemapConfig)
    i.GPIO_ResetBits                         0x080015b0   Section        0  stm32f10x_gpio.o(i.GPIO_ResetBits)
    i.GPIO_SetBits                           0x080015b4   Section        0  stm32f10x_gpio.o(i.GPIO_SetBits)
    i.NVIC_Init                              0x080015b8   Section        0  misc.o(i.NVIC_Init)
    i.NVIC_PriorityGroupConfig               0x08001628   Section        0  misc.o(i.NVIC_PriorityGroupConfig)
    i.OLED_Clear                             0x0800163c   Section        0  oled.o(i.OLED_Clear)
    i.OLED_ColorTurn                         0x0800166c   Section        0  oled.o(i.OLED_ColorTurn)
    i.OLED_DisplayTurn                       0x08001688   Section        0  oled.o(i.OLED_DisplayTurn)
    i.OLED_DrawPoint                         0x080016b4   Section        0  oled.o(i.OLED_DrawPoint)
    i.OLED_Init                              0x0800172c   Section        0  oled.o(i.OLED_Init)
    i.OLED_Pow                               0x0800188c   Section        0  oled.o(i.OLED_Pow)
    i.OLED_Refresh                           0x080018a4   Section        0  oled.o(i.OLED_Refresh)
    i.OLED_ShowChar                          0x080018f0   Section        0  oled.o(i.OLED_ShowChar)
    i.OLED_ShowChinese                       0x08001a2c   Section        0  oled.o(i.OLED_ShowChinese)
    i.OLED_ShowNum                           0x08001b30   Section        0  oled.o(i.OLED_ShowNum)
    i.OLED_WR_Byte                           0x08001bbc   Section        0  oled.o(i.OLED_WR_Byte)
    i.RCC_APB1PeriphClockCmd                 0x08001c30   Section        0  stm32f10x_rcc.o(i.RCC_APB1PeriphClockCmd)
    i.RCC_APB1PeriphResetCmd                 0x08001c50   Section        0  stm32f10x_rcc.o(i.RCC_APB1PeriphResetCmd)
    i.RCC_APB2PeriphClockCmd                 0x08001c70   Section        0  stm32f10x_rcc.o(i.RCC_APB2PeriphClockCmd)
    i.RCC_APB2PeriphResetCmd                 0x08001c90   Section        0  stm32f10x_rcc.o(i.RCC_APB2PeriphResetCmd)
    i.RCC_GetClocksFreq                      0x08001cb0   Section        0  stm32f10x_rcc.o(i.RCC_GetClocksFreq)
    i.SPI2_ReadWriteByte                     0x08001d84   Section        0  adc.o(i.SPI2_ReadWriteByte)
    i.SPI_Cmd                                0x08001de0   Section        0  stm32f10x_spi.o(i.SPI_Cmd)
    i.SPI_I2S_DeInit                         0x08001df8   Section        0  stm32f10x_spi.o(i.SPI_I2S_DeInit)
    i.SPI_I2S_GetFlagStatus                  0x08001e50   Section        0  stm32f10x_spi.o(i.SPI_I2S_GetFlagStatus)
    i.SPI_I2S_ReceiveData                    0x08001e62   Section        0  stm32f10x_spi.o(i.SPI_I2S_ReceiveData)
    i.SPI_I2S_SendData                       0x08001e68   Section        0  stm32f10x_spi.o(i.SPI_I2S_SendData)
    i.SPI_Init                               0x08001e6c   Section        0  stm32f10x_spi.o(i.SPI_Init)
    i.SetSysClock                            0x08001ea8   Section        0  system_stm32f10x.o(i.SetSysClock)
    SetSysClock                              0x08001ea9   Thumb Code     8  system_stm32f10x.o(i.SetSysClock)
    i.SetSysClockTo72                        0x08001eb0   Section        0  system_stm32f10x.o(i.SetSysClockTo72)
    SetSysClockTo72                          0x08001eb1   Thumb Code   214  system_stm32f10x.o(i.SetSysClockTo72)
    i.SysTick_CLKSourceConfig                0x08001f90   Section        0  misc.o(i.SysTick_CLKSourceConfig)
    i.SystemInit                             0x08001fb8   Section        0  system_stm32f10x.o(i.SystemInit)
    i.TIM2_IRQHandler                        0x08002018   Section        0  main.o(i.TIM2_IRQHandler)
    i.TIM_ClearFlag                          0x08002044   Section        0  stm32f10x_tim.o(i.TIM_ClearFlag)
    i.TIM_ClearITPendingBit                  0x0800204a   Section        0  stm32f10x_tim.o(i.TIM_ClearITPendingBit)
    i.TIM_Cmd                                0x08002050   Section        0  stm32f10x_tim.o(i.TIM_Cmd)
    i.TIM_GetITStatus                        0x08002068   Section        0  stm32f10x_tim.o(i.TIM_GetITStatus)
    i.TIM_ITConfig                           0x0800208a   Section        0  stm32f10x_tim.o(i.TIM_ITConfig)
    i.TIM_InternalClockConfig                0x0800209c   Section        0  stm32f10x_tim.o(i.TIM_InternalClockConfig)
    i.TIM_TimeBaseInit                       0x080020a8   Section        0  stm32f10x_tim.o(i.TIM_TimeBaseInit)
    i.Timer2_Init                            0x0800214c   Section        0  timer.o(i.Timer2_Init)
    i.USART1_IRQHandler                      0x080021c8   Section        0  usart.o(i.USART1_IRQHandler)
    i.USART_Cmd                              0x08002250   Section        0  stm32f10x_usart.o(i.USART_Cmd)
    i.USART_GetITStatus                      0x08002268   Section        0  stm32f10x_usart.o(i.USART_GetITStatus)
    i.USART_ITConfig                         0x080022bc   Section        0  stm32f10x_usart.o(i.USART_ITConfig)
    i.USART_Init                             0x08002308   Section        0  stm32f10x_usart.o(i.USART_Init)
    i.USART_ReceiveData                      0x080023e0   Section        0  stm32f10x_usart.o(i.USART_ReceiveData)
    i.__ARM_fpclassify                       0x080023ea   Section        0  fpclassify.o(i.__ARM_fpclassify)
    i._sys_exit                              0x08002412   Section        0  usart.o(i._sys_exit)
    i.complement_to_signed                   0x08002416   Section        0  adc.o(i.complement_to_signed)
    i.delay_init                             0x08002434   Section        0  delay.o(i.delay_init)
    i.delay_ms                               0x08002478   Section        0  delay.o(i.delay_ms)
    i.fputc                                  0x080024c4   Section        0  usart.o(i.fputc)
    i.main                                   0x080024e0   Section        0  main.o(i.main)
    i.read_SensorObj                         0x080025d4   Section        0  adc.o(i.read_SensorObj)
    i.read_SensorObjV                        0x080026a0   Section        0  adc.o(i.read_SensorObjV)
    i.read_SensorTemp                        0x080026c8   Section        0  adc.o(i.read_SensorTemp)
    i.read_SensorTempR                       0x08002774   Section        0  adc.o(i.read_SensorTempR)
    i.showFloat                              0x080027e0   Section        0  main.o(i.showFloat)
    i.showFloat2                             0x080028a8   Section        0  main.o(i.showFloat2)
    i.showchs                                0x0800295c   Section        0  main.o(i.showchs)
    i.uart_init                              0x080029e0   Section        0  usart.o(i.uart_init)
    locale$$code                             0x08002a80   Section       44  lc_numeric_c.o(locale$$code)
    x$fpl$d2f                                0x08002aac   Section       98  d2f.o(x$fpl$d2f)
    x$fpl$dadd                               0x08002b10   Section      336  daddsub_clz.o(x$fpl$dadd)
    _dadd1                                   0x08002b21   Thumb Code     0  daddsub_clz.o(x$fpl$dadd)
    x$fpl$ddiv                               0x08002c60   Section      688  ddiv.o(x$fpl$ddiv)
    ddiv_entry                               0x08002c67   Thumb Code     0  ddiv.o(x$fpl$ddiv)
    x$fpl$dflt                               0x08002f10   Section       46  dflt_clz.o(x$fpl$dflt)
    x$fpl$dmul                               0x08002f40   Section      340  dmul.o(x$fpl$dmul)
    x$fpl$dnaninf                            0x08003094   Section      156  dnaninf.o(x$fpl$dnaninf)
    x$fpl$dretinf                            0x08003130   Section       12  dretinf.o(x$fpl$dretinf)
    x$fpl$dsub                               0x0800313c   Section      468  daddsub_clz.o(x$fpl$dsub)
    _dsub1                                   0x0800314d   Thumb Code     0  daddsub_clz.o(x$fpl$dsub)
    x$fpl$fadd                               0x08003310   Section      196  faddsub_clz.o(x$fpl$fadd)
    _fadd1                                   0x0800331f   Thumb Code     0  faddsub_clz.o(x$fpl$fadd)
    x$fpl$ffix                               0x080033d4   Section       54  ffix.o(x$fpl$ffix)
    x$fpl$ffixu                              0x0800340c   Section       62  ffixu.o(x$fpl$ffixu)
    x$fpl$fflt                               0x0800344c   Section       48  fflt_clz.o(x$fpl$fflt)
    x$fpl$fmul                               0x0800347c   Section      258  fmul.o(x$fpl$fmul)
    x$fpl$fnaninf                            0x0800357e   Section      140  fnaninf.o(x$fpl$fnaninf)
    x$fpl$fretinf                            0x0800360a   Section       10  fretinf.o(x$fpl$fretinf)
    x$fpl$frsb                               0x08003614   Section       20  faddsub_clz.o(x$fpl$frsb)
    x$fpl$fsub                               0x08003628   Section      234  faddsub_clz.o(x$fpl$fsub)
    _fsub1                                   0x08003637   Thumb Code     0  faddsub_clz.o(x$fpl$fsub)
    x$fpl$printf1                            0x08003712   Section        4  printf1.o(x$fpl$printf1)
    .constdata                               0x08003716   Section     7632  oled.o(.constdata)
    x$fpl$usenofp                            0x08003716   Section        0  usenofp.o(x$fpl$usenofp)
    .constdata                               0x080054e8   Section      148  bigflt0.o(.constdata)
    tenpwrs_x                                0x080054e8   Data          60  bigflt0.o(.constdata)
    tenpwrs_i                                0x08005524   Data          64  bigflt0.o(.constdata)
    locale$$data                             0x0800559c   Section       28  lc_numeric_c.o(locale$$data)
    __lcnum_c_name                           0x080055a0   Data           2  lc_numeric_c.o(locale$$data)
    __lcnum_c_start                          0x080055a8   Data           0  lc_numeric_c.o(locale$$data)
    __lcnum_c_point                          0x080055b4   Data           0  lc_numeric_c.o(locale$$data)
    __lcnum_c_thousands                      0x080055b6   Data           0  lc_numeric_c.o(locale$$data)
    __lcnum_c_grouping                       0x080055b7   Data           0  lc_numeric_c.o(locale$$data)
    __lcnum_c_end                            0x080055b8   Data           0  lc_numeric_c.o(locale$$data)
    .data                                    0x20000000   Section        4  delay.o(.data)
    fac_us                                   0x20000000   Data           1  delay.o(.data)
    fac_ms                                   0x20000002   Data           2  delay.o(.data)
    .data                                    0x20000008   Section     1232  main.o(.data)
    sensor_obj_params                        0x20000008   Data        1224  main.o(.data)
    .data                                    0x200004d8   Section     1224  adc.o(.data)
    sensor_obj_params                        0x200004d8   Data        1224  adc.o(.data)
    .data                                    0x200009a0   Section        6  usart.o(.data)
    .data                                    0x200009a6   Section       20  stm32f10x_rcc.o(.data)
    APBAHBPrescTable                         0x200009a6   Data          16  stm32f10x_rcc.o(.data)
    ADCPrescTable                            0x200009b6   Data           4  stm32f10x_rcc.o(.data)
    .data                                    0x200009bc   Section       20  system_stm32f10x.o(.data)
    .bss                                     0x200009d0   Section      200  usart.o(.bss)
    .bss                                     0x20000a98   Section     1152  oled.o(.bss)
    .bss                                     0x20000f18   Section       96  libspace.o(.bss)
    HEAP                                     0x20000f78   Section      512  startup_stm32f10x_md.o(HEAP)
    Heap_Mem                                 0x20000f78   Data         512  startup_stm32f10x_md.o(HEAP)
    STACK                                    0x20001178   Section     1024  startup_stm32f10x_md.o(STACK)
    Stack_Mem                                0x20001178   Data        1024  startup_stm32f10x_md.o(STACK)
    __initial_sp                             0x20001578   Data           0  startup_stm32f10x_md.o(STACK)

    Global Symbols

    Symbol Name                              Value     Ov Type        Size  Object(Section)

    BuildAttributes$$THM_ISAv4$P$D$K$B$S$PE$A:L22UL41UL21$X:L11$S22US41US21$IEEE1$IW$USESV6$~STKCKD$USESV7$~SHL$OTIME$ROPI$IEEEJ$EBA8$UX$STANDARDLIB$REQ8$PRES8$EABIv2 0x00000000   Number         0  anon$$obj.o ABSOLUTE
    __ARM_use_no_argv                        0x00000000   Number         0  main.o ABSOLUTE
    _printf_flags                            0x00000000   Number         0  printf_stubs.o ABSOLUTE
    _printf_return_value                     0x00000000   Number         0  printf_stubs.o ABSOLUTE
    _printf_sizespec                         0x00000000   Number         0  printf_stubs.o ABSOLUTE
    _printf_widthprec                        0x00000000   Number         0  printf_stubs.o ABSOLUTE
    __ARM_exceptions_init                     - Undefined Weak Reference
    __alloca_initialize                       - Undefined Weak Reference
    __arm_fini_                               - Undefined Weak Reference
    __arm_preinit_                            - Undefined Weak Reference
    __cpp_initialize__aeabi_                  - Undefined Weak Reference
    __cxa_finalize                            - Undefined Weak Reference
    __sigvec_lookup                           - Undefined Weak Reference
    _atexit_init                              - Undefined Weak Reference
    _call_atexit_fns                          - Undefined Weak Reference
    _clock_init                               - Undefined Weak Reference
    _fp_trap_init                             - Undefined Weak Reference
    _fp_trap_shutdown                         - Undefined Weak Reference
    _get_lc_collate                           - Undefined Weak Reference
    _get_lc_ctype                             - Undefined Weak Reference
    _get_lc_monetary                          - Undefined Weak Reference
    _get_lc_time                              - Undefined Weak Reference
    _getenv_init                              - Undefined Weak Reference
    _handle_redirection                       - Undefined Weak Reference
    _init_alloc                               - Undefined Weak Reference
    _init_user_alloc                          - Undefined Weak Reference
    _initio                                   - Undefined Weak Reference
    _mutex_acquire                            - Undefined Weak Reference
    _mutex_release                            - Undefined Weak Reference
    _printf_post_padding                      - Undefined Weak Reference
    _printf_pre_padding                       - Undefined Weak Reference
    _rand_init                                - Undefined Weak Reference
    _signal_finish                            - Undefined Weak Reference
    _signal_init                              - Undefined Weak Reference
    _terminate_alloc                          - Undefined Weak Reference
    _terminate_user_alloc                     - Undefined Weak Reference
    _terminateio                              - Undefined Weak Reference
    __Vectors_Size                           0x000000ec   Number         0  startup_stm32f10x_md.o ABSOLUTE
    __Vectors                                0x08000000   Data           4  startup_stm32f10x_md.o(RESET)
    __Vectors_End                            0x080000ec   Data           0  startup_stm32f10x_md.o(RESET)
    __main                                   0x080000ed   Thumb Code     8  __main.o(!!!main)
    __scatterload                            0x080000f5   Thumb Code     0  __scatter.o(!!!scatter)
    __scatterload_rt2                        0x080000f5   Thumb Code    44  __scatter.o(!!!scatter)
    __scatterload_rt2_thumb_only             0x080000f5   Thumb Code     0  __scatter.o(!!!scatter)
    __scatterload_null                       0x08000103   Thumb Code     0  __scatter.o(!!!scatter)
    __decompress                             0x08000129   Thumb Code   100  __dclz77c.o(!!dclz77c)
    __decompress2                            0x08000129   Thumb Code     0  __dclz77c.o(!!dclz77c)
    __scatterload_zeroinit                   0x0800018d   Thumb Code    28  __scatter_zi.o(!!handler_zi)
    _printf_f                                0x080001a9   Thumb Code     0  _printf_f.o(.ARM.Collect$$_printf_percent$$00000003)
    _printf_percent                          0x080001a9   Thumb Code     0  _printf_percent.o(.ARM.Collect$$_printf_percent$$00000000)
    _printf_percent_end                      0x080001af   Thumb Code     0  _printf_percent_end.o(.ARM.Collect$$_printf_percent$$00000017)
    __rt_lib_init                            0x080001b3   Thumb Code     0  libinit.o(.ARM.Collect$$libinit$$00000000)
    __rt_lib_init_fp_1                       0x080001b5   Thumb Code     0  libinit2.o(.ARM.Collect$$libinit$$00000002)
    __rt_lib_init_heap_1                     0x080001b5   Thumb Code     0  libinit2.o(.ARM.Collect$$libinit$$0000000A)
    __rt_lib_init_lc_common                  0x080001b5   Thumb Code     0  libinit2.o(.ARM.Collect$$libinit$$0000000F)
    __rt_lib_init_preinit_1                  0x080001b5   Thumb Code     0  libinit2.o(.ARM.Collect$$libinit$$00000004)
    __rt_lib_init_rand_1                     0x080001b5   Thumb Code     0  libinit2.o(.ARM.Collect$$libinit$$0000000E)
    __rt_lib_init_user_alloc_1               0x080001b5   Thumb Code     0  libinit2.o(.ARM.Collect$$libinit$$0000000C)
    __rt_lib_init_lc_collate_1               0x080001bb   Thumb Code     0  libinit2.o(.ARM.Collect$$libinit$$00000011)
    __rt_lib_init_lc_ctype_1                 0x080001bb   Thumb Code     0  libinit2.o(.ARM.Collect$$libinit$$00000013)
    __rt_lib_init_lc_monetary_1              0x080001bb   Thumb Code     0  libinit2.o(.ARM.Collect$$libinit$$00000015)
    __rt_lib_init_lc_numeric_2               0x080001bb   Thumb Code     0  libinit2.o(.ARM.Collect$$libinit$$00000016)
    __rt_lib_init_alloca_1                   0x080001c5   Thumb Code     0  libinit2.o(.ARM.Collect$$libinit$$0000002E)
    __rt_lib_init_argv_1                     0x080001c5   Thumb Code     0  libinit2.o(.ARM.Collect$$libinit$$0000002C)
    __rt_lib_init_atexit_1                   0x080001c5   Thumb Code     0  libinit2.o(.ARM.Collect$$libinit$$0000001B)
    __rt_lib_init_clock_1                    0x080001c5   Thumb Code     0  libinit2.o(.ARM.Collect$$libinit$$00000021)
    __rt_lib_init_cpp_1                      0x080001c5   Thumb Code     0  libinit2.o(.ARM.Collect$$libinit$$00000032)
    __rt_lib_init_exceptions_1               0x080001c5   Thumb Code     0  libinit2.o(.ARM.Collect$$libinit$$00000030)
    __rt_lib_init_fp_trap_1                  0x080001c5   Thumb Code     0  libinit2.o(.ARM.Collect$$libinit$$0000001F)
    __rt_lib_init_getenv_1                   0x080001c5   Thumb Code     0  libinit2.o(.ARM.Collect$$libinit$$00000023)
    __rt_lib_init_lc_numeric_1               0x080001c5   Thumb Code     0  libinit2.o(.ARM.Collect$$libinit$$00000017)
    __rt_lib_init_lc_time_1                  0x080001c5   Thumb Code     0  libinit2.o(.ARM.Collect$$libinit$$00000019)
    __rt_lib_init_return                     0x080001c5   Thumb Code     0  libinit2.o(.ARM.Collect$$libinit$$00000033)
    __rt_lib_init_signal_1                   0x080001c5   Thumb Code     0  libinit2.o(.ARM.Collect$$libinit$$0000001D)
    __rt_lib_init_stdio_1                    0x080001c5   Thumb Code     0  libinit2.o(.ARM.Collect$$libinit$$00000025)
    __rt_lib_shutdown                        0x080001c7   Thumb Code     0  libshutdown.o(.ARM.Collect$$libshutdown$$00000000)
    __rt_lib_shutdown_cpp_1                  0x080001c9   Thumb Code     0  libshutdown2.o(.ARM.Collect$$libshutdown$$00000004)
    __rt_lib_shutdown_fini_1                 0x080001c9   Thumb Code     0  libshutdown2.o(.ARM.Collect$$libshutdown$$00000002)
    __rt_lib_shutdown_fp_trap_1              0x080001c9   Thumb Code     0  libshutdown2.o(.ARM.Collect$$libshutdown$$00000009)
    __rt_lib_shutdown_heap_1                 0x080001c9   Thumb Code     0  libshutdown2.o(.ARM.Collect$$libshutdown$$00000011)
    __rt_lib_shutdown_return                 0x080001c9   Thumb Code     0  libshutdown2.o(.ARM.Collect$$libshutdown$$00000012)
    __rt_lib_shutdown_signal_1               0x080001c9   Thumb Code     0  libshutdown2.o(.ARM.Collect$$libshutdown$$0000000C)
    __rt_lib_shutdown_stdio_1                0x080001c9   Thumb Code     0  libshutdown2.o(.ARM.Collect$$libshutdown$$00000006)
    __rt_lib_shutdown_user_alloc_1           0x080001c9   Thumb Code     0  libshutdown2.o(.ARM.Collect$$libshutdown$$0000000E)
    __rt_entry                               0x080001cb   Thumb Code     0  __rtentry.o(.ARM.Collect$$rtentry$$00000000)
    __rt_entry_presh_1                       0x080001cb   Thumb Code     0  __rtentry2.o(.ARM.Collect$$rtentry$$00000002)
    __rt_entry_sh                            0x080001cb   Thumb Code     0  __rtentry4.o(.ARM.Collect$$rtentry$$00000004)
    __rt_entry_li                            0x080001d1   Thumb Code     0  __rtentry2.o(.ARM.Collect$$rtentry$$0000000A)
    __rt_entry_postsh_1                      0x080001d1   Thumb Code     0  __rtentry2.o(.ARM.Collect$$rtentry$$00000009)
    __rt_entry_main                          0x080001d5   Thumb Code     0  __rtentry2.o(.ARM.Collect$$rtentry$$0000000D)
    __rt_entry_postli_1                      0x080001d5   Thumb Code     0  __rtentry2.o(.ARM.Collect$$rtentry$$0000000C)
    __rt_exit                                0x080001dd   Thumb Code     0  rtexit.o(.ARM.Collect$$rtexit$$00000000)
    __rt_exit_ls                             0x080001df   Thumb Code     0  rtexit2.o(.ARM.Collect$$rtexit$$00000003)
    __rt_exit_prels_1                        0x080001df   Thumb Code     0  rtexit2.o(.ARM.Collect$$rtexit$$00000002)
    __rt_exit_exit                           0x080001e3   Thumb Code     0  rtexit2.o(.ARM.Collect$$rtexit$$00000004)
    Reset_Handler                            0x080001e9   Thumb Code     8  startup_stm32f10x_md.o(.text)
    NMI_Handler                              0x080001f1   Thumb Code     2  startup_stm32f10x_md.o(.text)
    HardFault_Handler                        0x080001f3   Thumb Code     2  startup_stm32f10x_md.o(.text)
    MemManage_Handler                        0x080001f5   Thumb Code     2  startup_stm32f10x_md.o(.text)
    BusFault_Handler                         0x080001f7   Thumb Code     2  startup_stm32f10x_md.o(.text)
    UsageFault_Handler                       0x080001f9   Thumb Code     2  startup_stm32f10x_md.o(.text)
    SVC_Handler                              0x080001fb   Thumb Code     2  startup_stm32f10x_md.o(.text)
    DebugMon_Handler                         0x080001fd   Thumb Code     2  startup_stm32f10x_md.o(.text)
    PendSV_Handler                           0x080001ff   Thumb Code     2  startup_stm32f10x_md.o(.text)
    SysTick_Handler                          0x08000201   Thumb Code     2  startup_stm32f10x_md.o(.text)
    ADC1_2_IRQHandler                        0x08000203   Thumb Code     0  startup_stm32f10x_md.o(.text)
    CAN1_RX1_IRQHandler                      0x08000203   Thumb Code     0  startup_stm32f10x_md.o(.text)
    CAN1_SCE_IRQHandler                      0x08000203   Thumb Code     0  startup_stm32f10x_md.o(.text)
    DMA1_Channel1_IRQHandler                 0x08000203   Thumb Code     0  startup_stm32f10x_md.o(.text)
    DMA1_Channel2_IRQHandler                 0x08000203   Thumb Code     0  startup_stm32f10x_md.o(.text)
    DMA1_Channel3_IRQHandler                 0x08000203   Thumb Code     0  startup_stm32f10x_md.o(.text)
    DMA1_Channel4_IRQHandler                 0x08000203   Thumb Code     0  startup_stm32f10x_md.o(.text)
    DMA1_Channel5_IRQHandler                 0x08000203   Thumb Code     0  startup_stm32f10x_md.o(.text)
    DMA1_Channel6_IRQHandler                 0x08000203   Thumb Code     0  startup_stm32f10x_md.o(.text)
    DMA1_Channel7_IRQHandler                 0x08000203   Thumb Code     0  startup_stm32f10x_md.o(.text)
    EXTI0_IRQHandler                         0x08000203   Thumb Code     0  startup_stm32f10x_md.o(.text)
    EXTI15_10_IRQHandler                     0x08000203   Thumb Code     0  startup_stm32f10x_md.o(.text)
    EXTI1_IRQHandler                         0x08000203   Thumb Code     0  startup_stm32f10x_md.o(.text)
    EXTI2_IRQHandler                         0x08000203   Thumb Code     0  startup_stm32f10x_md.o(.text)
    EXTI3_IRQHandler                         0x08000203   Thumb Code     0  startup_stm32f10x_md.o(.text)
    EXTI4_IRQHandler                         0x08000203   Thumb Code     0  startup_stm32f10x_md.o(.text)
    EXTI9_5_IRQHandler                       0x08000203   Thumb Code     0  startup_stm32f10x_md.o(.text)
    FLASH_IRQHandler                         0x08000203   Thumb Code     0  startup_stm32f10x_md.o(.text)
    I2C1_ER_IRQHandler                       0x08000203   Thumb Code     0  startup_stm32f10x_md.o(.text)
    I2C1_EV_IRQHandler                       0x08000203   Thumb Code     0  startup_stm32f10x_md.o(.text)
    I2C2_ER_IRQHandler                       0x08000203   Thumb Code     0  startup_stm32f10x_md.o(.text)
    I2C2_EV_IRQHandler                       0x08000203   Thumb Code     0  startup_stm32f10x_md.o(.text)
    PVD_IRQHandler                           0x08000203   Thumb Code     0  startup_stm32f10x_md.o(.text)
    RCC_IRQHandler                           0x08000203   Thumb Code     0  startup_stm32f10x_md.o(.text)
    RTCAlarm_IRQHandler                      0x08000203   Thumb Code     0  startup_stm32f10x_md.o(.text)
    RTC_IRQHandler                           0x08000203   Thumb Code     0  startup_stm32f10x_md.o(.text)
    SPI1_IRQHandler                          0x08000203   Thumb Code     0  startup_stm32f10x_md.o(.text)
    SPI2_IRQHandler                          0x08000203   Thumb Code     0  startup_stm32f10x_md.o(.text)
    TAMPER_IRQHandler                        0x08000203   Thumb Code     0  startup_stm32f10x_md.o(.text)
    TIM1_BRK_IRQHandler                      0x08000203   Thumb Code     0  startup_stm32f10x_md.o(.text)
    TIM1_CC_IRQHandler                       0x08000203   Thumb Code     0  startup_stm32f10x_md.o(.text)
    TIM1_TRG_COM_IRQHandler                  0x08000203   Thumb Code     0  startup_stm32f10x_md.o(.text)
    TIM1_UP_IRQHandler                       0x08000203   Thumb Code     0  startup_stm32f10x_md.o(.text)
    TIM3_IRQHandler                          0x08000203   Thumb Code     0  startup_stm32f10x_md.o(.text)
    TIM4_IRQHandler                          0x08000203   Thumb Code     0  startup_stm32f10x_md.o(.text)
    USART2_IRQHandler                        0x08000203   Thumb Code     0  startup_stm32f10x_md.o(.text)
    USART3_IRQHandler                        0x08000203   Thumb Code     0  startup_stm32f10x_md.o(.text)
    USBWakeUp_IRQHandler                     0x08000203   Thumb Code     0  startup_stm32f10x_md.o(.text)
    USB_HP_CAN1_TX_IRQHandler                0x08000203   Thumb Code     0  startup_stm32f10x_md.o(.text)
    USB_LP_CAN1_RX0_IRQHandler               0x08000203   Thumb Code     0  startup_stm32f10x_md.o(.text)
    WWDG_IRQHandler                          0x08000203   Thumb Code     0  startup_stm32f10x_md.o(.text)
    __user_initial_stackheap                 0x08000205   Thumb Code     0  startup_stm32f10x_md.o(.text)
    __use_no_semihosting                     0x08000229   Thumb Code     2  use_no_semi_2.o(.text)
    __2printf                                0x0800022d   Thumb Code    20  noretval__2printf.o(.text)
    __printf                                 0x08000245   Thumb Code   184  __printf_ss.o(.text)
    __use_two_region_memory                  0x080002fd   Thumb Code     2  heapauxi.o(.text)
    __rt_heap_escrow$2region                 0x080002ff   Thumb Code     2  heapauxi.o(.text)
    __rt_heap_expand$2region                 0x08000301   Thumb Code     2  heapauxi.o(.text)
    __I$use$semihosting                      0x08000303   Thumb Code     0  use_no_semi.o(.text)
    __use_no_semihosting_swi                 0x08000303   Thumb Code     2  use_no_semi.o(.text)
    __lib_sel_fp_printf                      0x08000305   Thumb Code     2  _printf_fp_dec.o(.text)
    _printf_fp_dec_real                      0x080004b7   Thumb Code   620  _printf_fp_dec.o(.text)
    _printf_char_file                        0x08000725   Thumb Code    32  _printf_char_file.o(.text)
    __rt_locale                              0x08000749   Thumb Code     8  rt_locale_intlibspace.o(.text)
    _ll_udiv10                               0x08000751   Thumb Code   138  lludiv10.o(.text)
    _printf_char_common                      0x080007e7   Thumb Code    32  _printf_char_common.o(.text)
    _printf_fp_infnan                        0x0800080d   Thumb Code   112  _printf_fp_infnan.o(.text)
    _btod_etento                             0x0800088d   Thumb Code   224  bigflt0.o(.text)
    ferror                                   0x08000971   Thumb Code     8  ferror.o(.text)
    __user_libspace                          0x08000979   Thumb Code     8  libspace.o(.text)
    __user_perproc_libspace                  0x08000979   Thumb Code     0  libspace.o(.text)
    __user_perthread_libspace                0x08000979   Thumb Code     0  libspace.o(.text)
    __user_setup_stackheap                   0x08000981   Thumb Code    74  sys_stackheap_outer.o(.text)
    exit                                     0x080009cb   Thumb Code    18  exit.o(.text)
    strcmp                                   0x080009dd   Thumb Code   128  strcmpv7m.o(.text)
    _btod_d2e                                0x08000a5d   Thumb Code    62  btod.o(CL$$btod_d2e)
    _d2e_denorm_low                          0x08000a9b   Thumb Code    70  btod.o(CL$$btod_d2e_denorm_low)
    _d2e_norm_op1                            0x08000ae1   Thumb Code    96  btod.o(CL$$btod_d2e_norm_op1)
    __btod_div_common                        0x08000b41   Thumb Code   696  btod.o(CL$$btod_div_common)
    _e2e                                     0x08000e79   Thumb Code   220  btod.o(CL$$btod_e2e)
    _btod_ediv                               0x08000f55   Thumb Code    42  btod.o(CL$$btod_ediv)
    _btod_emul                               0x08000f7f   Thumb Code    42  btod.o(CL$$btod_emul)
    __btod_mult_common                       0x08000fa9   Thumb Code   580  btod.o(CL$$btod_mult_common)
    ADS1018_Config                           0x080011ed   Thumb Code    94  adc.o(i.ADS1018_Config)
    ADS1018_Init                             0x0800124d   Thumb Code   146  adc.o(i.ADS1018_Init)
    ADS1018_ReadData                         0x080012e9   Thumb Code   198  adc.o(i.ADS1018_ReadData)
    CS_Init                                  0x080013b5   Thumb Code    46  adc.o(i.CS_Init)
    CS_Reset                                 0x080013e9   Thumb Code    12  adc.o(i.CS_Reset)
    CS_Set                                   0x080013f9   Thumb Code    12  adc.o(i.CS_Set)
    GPIO_Init                                0x08001409   Thumb Code   278  stm32f10x_gpio.o(i.GPIO_Init)
    GPIO_PinRemapConfig                      0x08001521   Thumb Code   138  stm32f10x_gpio.o(i.GPIO_PinRemapConfig)
    GPIO_ResetBits                           0x080015b1   Thumb Code     4  stm32f10x_gpio.o(i.GPIO_ResetBits)
    GPIO_SetBits                             0x080015b5   Thumb Code     4  stm32f10x_gpio.o(i.GPIO_SetBits)
    NVIC_Init                                0x080015b9   Thumb Code   100  misc.o(i.NVIC_Init)
    NVIC_PriorityGroupConfig                 0x08001629   Thumb Code    10  misc.o(i.NVIC_PriorityGroupConfig)
    OLED_Clear                               0x0800163d   Thumb Code    42  oled.o(i.OLED_Clear)
    OLED_ColorTurn                           0x0800166d   Thumb Code    28  oled.o(i.OLED_ColorTurn)
    OLED_DisplayTurn                         0x08001689   Thumb Code    44  oled.o(i.OLED_DisplayTurn)
    OLED_DrawPoint                           0x080016b5   Thumb Code   114  oled.o(i.OLED_DrawPoint)
    OLED_Init                                0x0800172d   Thumb Code   338  oled.o(i.OLED_Init)
    OLED_Pow                                 0x0800188d   Thumb Code    22  oled.o(i.OLED_Pow)
    OLED_Refresh                             0x080018a5   Thumb Code    70  oled.o(i.OLED_Refresh)
    OLED_ShowChar                            0x080018f1   Thumb Code   300  oled.o(i.OLED_ShowChar)
    OLED_ShowChinese                         0x08001a2d   Thumb Code   244  oled.o(i.OLED_ShowChinese)
    OLED_ShowNum                             0x08001b31   Thumb Code   140  oled.o(i.OLED_ShowNum)
    OLED_WR_Byte                             0x08001bbd   Thumb Code   108  oled.o(i.OLED_WR_Byte)
    RCC_APB1PeriphClockCmd                   0x08001c31   Thumb Code    26  stm32f10x_rcc.o(i.RCC_APB1PeriphClockCmd)
    RCC_APB1PeriphResetCmd                   0x08001c51   Thumb Code    26  stm32f10x_rcc.o(i.RCC_APB1PeriphResetCmd)
    RCC_APB2PeriphClockCmd                   0x08001c71   Thumb Code    26  stm32f10x_rcc.o(i.RCC_APB2PeriphClockCmd)
    RCC_APB2PeriphResetCmd                   0x08001c91   Thumb Code    26  stm32f10x_rcc.o(i.RCC_APB2PeriphResetCmd)
    RCC_GetClocksFreq                        0x08001cb1   Thumb Code   192  stm32f10x_rcc.o(i.RCC_GetClocksFreq)
    SPI2_ReadWriteByte                       0x08001d85   Thumb Code    86  adc.o(i.SPI2_ReadWriteByte)
    SPI_Cmd                                  0x08001de1   Thumb Code    24  stm32f10x_spi.o(i.SPI_Cmd)
    SPI_I2S_DeInit                           0x08001df9   Thumb Code    76  stm32f10x_spi.o(i.SPI_I2S_DeInit)
    SPI_I2S_GetFlagStatus                    0x08001e51   Thumb Code    18  stm32f10x_spi.o(i.SPI_I2S_GetFlagStatus)
    SPI_I2S_ReceiveData                      0x08001e63   Thumb Code     6  stm32f10x_spi.o(i.SPI_I2S_ReceiveData)
    SPI_I2S_SendData                         0x08001e69   Thumb Code     4  stm32f10x_spi.o(i.SPI_I2S_SendData)
    SPI_Init                                 0x08001e6d   Thumb Code    60  stm32f10x_spi.o(i.SPI_Init)
    SysTick_CLKSourceConfig                  0x08001f91   Thumb Code    40  misc.o(i.SysTick_CLKSourceConfig)
    SystemInit                               0x08001fb9   Thumb Code    78  system_stm32f10x.o(i.SystemInit)
    TIM2_IRQHandler                          0x08002019   Thumb Code    34  main.o(i.TIM2_IRQHandler)
    TIM_ClearFlag                            0x08002045   Thumb Code     6  stm32f10x_tim.o(i.TIM_ClearFlag)
    TIM_ClearITPendingBit                    0x0800204b   Thumb Code     6  stm32f10x_tim.o(i.TIM_ClearITPendingBit)
    TIM_Cmd                                  0x08002051   Thumb Code    24  stm32f10x_tim.o(i.TIM_Cmd)
    TIM_GetITStatus                          0x08002069   Thumb Code    34  stm32f10x_tim.o(i.TIM_GetITStatus)
    TIM_ITConfig                             0x0800208b   Thumb Code    18  stm32f10x_tim.o(i.TIM_ITConfig)
    TIM_InternalClockConfig                  0x0800209d   Thumb Code    12  stm32f10x_tim.o(i.TIM_InternalClockConfig)
    TIM_TimeBaseInit                         0x080020a9   Thumb Code   122  stm32f10x_tim.o(i.TIM_TimeBaseInit)
    Timer2_Init                              0x0800214d   Thumb Code   124  timer.o(i.Timer2_Init)
    USART1_IRQHandler                        0x080021c9   Thumb Code   122  usart.o(i.USART1_IRQHandler)
    USART_Cmd                                0x08002251   Thumb Code    24  stm32f10x_usart.o(i.USART_Cmd)
    USART_GetITStatus                        0x08002269   Thumb Code    84  stm32f10x_usart.o(i.USART_GetITStatus)
    USART_ITConfig                           0x080022bd   Thumb Code    74  stm32f10x_usart.o(i.USART_ITConfig)
    USART_Init                               0x08002309   Thumb Code   210  stm32f10x_usart.o(i.USART_Init)
    USART_ReceiveData                        0x080023e1   Thumb Code    10  stm32f10x_usart.o(i.USART_ReceiveData)
    __ARM_fpclassify                         0x080023eb   Thumb Code    40  fpclassify.o(i.__ARM_fpclassify)
    _sys_exit                                0x08002413   Thumb Code     4  usart.o(i._sys_exit)
    complement_to_signed                     0x08002417   Thumb Code    28  adc.o(i.complement_to_signed)
    delay_init                               0x08002435   Thumb Code    50  delay.o(i.delay_init)
    delay_ms                                 0x08002479   Thumb Code    72  delay.o(i.delay_ms)
    fputc                                    0x080024c5   Thumb Code    24  usart.o(i.fputc)
    main                                     0x080024e1   Thumb Code   234  main.o(i.main)
    read_SensorObj                           0x080025d5   Thumb Code   184  adc.o(i.read_SensorObj)
    read_SensorObjV                          0x080026a1   Thumb Code    38  adc.o(i.read_SensorObjV)
    read_SensorTemp                          0x080026c9   Thumb Code   138  adc.o(i.read_SensorTemp)
    read_SensorTempR                         0x08002775   Thumb Code    90  adc.o(i.read_SensorTempR)
    showFloat                                0x080027e1   Thumb Code   194  main.o(i.showFloat)
    showFloat2                               0x080028a9   Thumb Code   174  main.o(i.showFloat2)
    showchs                                  0x0800295d   Thumb Code   132  main.o(i.showchs)
    uart_init                                0x080029e1   Thumb Code   152  usart.o(i.uart_init)
    _get_lc_numeric                          0x08002a81   Thumb Code    44  lc_numeric_c.o(locale$$code)
    __aeabi_d2f                              0x08002aad   Thumb Code     0  d2f.o(x$fpl$d2f)
    _d2f                                     0x08002aad   Thumb Code    98  d2f.o(x$fpl$d2f)
    __aeabi_dadd                             0x08002b11   Thumb Code     0  daddsub_clz.o(x$fpl$dadd)
    _dadd                                    0x08002b11   Thumb Code   332  daddsub_clz.o(x$fpl$dadd)
    __aeabi_ddiv                             0x08002c61   Thumb Code     0  ddiv.o(x$fpl$ddiv)
    _ddiv                                    0x08002c61   Thumb Code   552  ddiv.o(x$fpl$ddiv)
    __aeabi_i2d                              0x08002f11   Thumb Code     0  dflt_clz.o(x$fpl$dflt)
    _dflt                                    0x08002f11   Thumb Code    46  dflt_clz.o(x$fpl$dflt)
    __aeabi_dmul                             0x08002f41   Thumb Code     0  dmul.o(x$fpl$dmul)
    _dmul                                    0x08002f41   Thumb Code   332  dmul.o(x$fpl$dmul)
    __fpl_dnaninf                            0x08003095   Thumb Code   156  dnaninf.o(x$fpl$dnaninf)
    __fpl_dretinf                            0x08003131   Thumb Code    12  dretinf.o(x$fpl$dretinf)
    __aeabi_dsub                             0x0800313d   Thumb Code     0  daddsub_clz.o(x$fpl$dsub)
    _dsub                                    0x0800313d   Thumb Code   464  daddsub_clz.o(x$fpl$dsub)
    __aeabi_fadd                             0x08003311   Thumb Code     0  faddsub_clz.o(x$fpl$fadd)
    _fadd                                    0x08003311   Thumb Code   196  faddsub_clz.o(x$fpl$fadd)
    __aeabi_f2iz                             0x080033d5   Thumb Code     0  ffix.o(x$fpl$ffix)
    _ffix                                    0x080033d5   Thumb Code    54  ffix.o(x$fpl$ffix)
    __aeabi_f2uiz                            0x0800340d   Thumb Code     0  ffixu.o(x$fpl$ffixu)
    _ffixu                                   0x0800340d   Thumb Code    62  ffixu.o(x$fpl$ffixu)
    __aeabi_i2f                              0x0800344d   Thumb Code     0  fflt_clz.o(x$fpl$fflt)
    _fflt                                    0x0800344d   Thumb Code    48  fflt_clz.o(x$fpl$fflt)
    __aeabi_fmul                             0x0800347d   Thumb Code     0  fmul.o(x$fpl$fmul)
    _fmul                                    0x0800347d   Thumb Code   258  fmul.o(x$fpl$fmul)
    __fpl_fnaninf                            0x0800357f   Thumb Code   140  fnaninf.o(x$fpl$fnaninf)
    __fpl_fretinf                            0x0800360b   Thumb Code    10  fretinf.o(x$fpl$fretinf)
    __aeabi_frsub                            0x08003615   Thumb Code     0  faddsub_clz.o(x$fpl$frsb)
    _frsb                                    0x08003615   Thumb Code    20  faddsub_clz.o(x$fpl$frsb)
    __aeabi_fsub                             0x08003629   Thumb Code     0  faddsub_clz.o(x$fpl$fsub)
    _fsub                                    0x08003629   Thumb Code   234  faddsub_clz.o(x$fpl$fsub)
    _printf_fp_dec                           0x08003713   Thumb Code     4  printf1.o(x$fpl$printf1)
    __I$use$fp                               0x08003716   Number         0  usenofp.o(x$fpl$usenofp)
    asc2_0806                                0x08003716   Data         552  oled.o(.constdata)
    asc2_1206                                0x0800393e   Data        1140  oled.o(.constdata)
    asc2_1608                                0x08003db2   Data        1520  oled.o(.constdata)
    asc2_2412                                0x080043a2   Data        3420  oled.o(.constdata)
    Hzk1                                     0x080050fe   Data         288  oled.o(.constdata)
    Hzk2                                     0x0800521e   Data          72  oled.o(.constdata)
    Hzk3                                     0x08005266   Data         128  oled.o(.constdata)
    Hzk4                                     0x080052e6   Data         512  oled.o(.constdata)
    Region$$Table$$Base                      0x0800557c   Number         0  anon$$obj.o(Region$$Table)
    Region$$Table$$Limit                     0x0800559c   Number         0  anon$$obj.o(Region$$Table)
    pretem                                   0x200004d0   Data           8  main.o(.data)
    __stdout                                 0x200009a0   Data           4  usart.o(.data)
    USART_RX_STA                             0x200009a4   Data           2  usart.o(.data)
    SystemCoreClock                          0x200009bc   Data           4  system_stm32f10x.o(.data)
    AHBPrescTable                            0x200009c0   Data          16  system_stm32f10x.o(.data)
    USART_RX_BUF                             0x200009d0   Data         200  usart.o(.bss)
    OLED_GRAM                                0x20000a98   Data        1152  oled.o(.bss)
    __libspace_start                         0x20000f18   Data          96  libspace.o(.bss)
    __temporary_stack_top$libspace           0x20000f78   Data           0  libspace.o(.bss)



==============================================================================

Memory Map of the image

  Image Entry point : 0x080000ed

  Load Region LR_IROM1 (Base: 0x08000000, Size: 0x00005f88, Max: 0x00010000, ABSOLUTE, COMPRESSED[0x00005abc])

    Execution Region ER_IROM1 (Exec base: 0x08000000, Load base: 0x08000000, Size: 0x000055b8, Max: 0x00010000, ABSOLUTE)

    Exec Addr    Load Addr    Size         Type   Attr      Idx    E Section Name        Object

    0x08000000   0x08000000   0x000000ec   Data   RO         1869    RESET               startup_stm32f10x_md.o
    0x080000ec   0x080000ec   0x00000008   Code   RO         1954  * !!!main             c_w.l(__main.o)
    0x080000f4   0x080000f4   0x00000034   Code   RO         2222    !!!scatter          c_w.l(__scatter.o)
    0x08000128   0x08000128   0x00000064   Code   RO         2220    !!dclz77c           c_w.l(__dclz77c.o)
    0x0800018c   0x0800018c   0x0000001c   Code   RO         2224    !!handler_zi        c_w.l(__scatter_zi.o)
    0x080001a8   0x080001a8   0x00000000   Code   RO         1951    .ARM.Collect$$_printf_percent$$00000000  c_w.l(_printf_percent.o)
    0x080001a8   0x080001a8   0x00000006   Code   RO         1950    .ARM.Collect$$_printf_percent$$00000003  c_w.l(_printf_f.o)
    0x080001ae   0x080001ae   0x00000004   Code   RO         2007    .ARM.Collect$$_printf_percent$$00000017  c_w.l(_printf_percent_end.o)
    0x080001b2   0x080001b2   0x00000002   Code   RO         2095    .ARM.Collect$$libinit$$00000000  c_w.l(libinit.o)
    0x080001b4   0x080001b4   0x00000000   Code   RO         2097    .ARM.Collect$$libinit$$00000002  c_w.l(libinit2.o)
    0x080001b4   0x080001b4   0x00000000   Code   RO         2099    .ARM.Collect$$libinit$$00000004  c_w.l(libinit2.o)
    0x080001b4   0x080001b4   0x00000000   Code   RO         2102    .ARM.Collect$$libinit$$0000000A  c_w.l(libinit2.o)
    0x080001b4   0x080001b4   0x00000000   Code   RO         2104    .ARM.Collect$$libinit$$0000000C  c_w.l(libinit2.o)
    0x080001b4   0x080001b4   0x00000000   Code   RO         2106    .ARM.Collect$$libinit$$0000000E  c_w.l(libinit2.o)
    0x080001b4   0x080001b4   0x00000006   Code   RO         2107    .ARM.Collect$$libinit$$0000000F  c_w.l(libinit2.o)
    0x080001ba   0x080001ba   0x00000000   Code   RO         2109    .ARM.Collect$$libinit$$00000011  c_w.l(libinit2.o)
    0x080001ba   0x080001ba   0x00000000   Code   RO         2111    .ARM.Collect$$libinit$$00000013  c_w.l(libinit2.o)
    0x080001ba   0x080001ba   0x00000000   Code   RO         2113    .ARM.Collect$$libinit$$00000015  c_w.l(libinit2.o)
    0x080001ba   0x080001ba   0x0000000a   Code   RO         2114    .ARM.Collect$$libinit$$00000016  c_w.l(libinit2.o)
    0x080001c4   0x080001c4   0x00000000   Code   RO         2115    .ARM.Collect$$libinit$$00000017  c_w.l(libinit2.o)
    0x080001c4   0x080001c4   0x00000000   Code   RO         2117    .ARM.Collect$$libinit$$00000019  c_w.l(libinit2.o)
    0x080001c4   0x080001c4   0x00000000   Code   RO         2119    .ARM.Collect$$libinit$$0000001B  c_w.l(libinit2.o)
    0x080001c4   0x080001c4   0x00000000   Code   RO         2121    .ARM.Collect$$libinit$$0000001D  c_w.l(libinit2.o)
    0x080001c4   0x080001c4   0x00000000   Code   RO         2123    .ARM.Collect$$libinit$$0000001F  c_w.l(libinit2.o)
    0x080001c4   0x080001c4   0x00000000   Code   RO         2125    .ARM.Collect$$libinit$$00000021  c_w.l(libinit2.o)
    0x080001c4   0x080001c4   0x00000000   Code   RO         2127    .ARM.Collect$$libinit$$00000023  c_w.l(libinit2.o)
    0x080001c4   0x080001c4   0x00000000   Code   RO         2129    .ARM.Collect$$libinit$$00000025  c_w.l(libinit2.o)
    0x080001c4   0x080001c4   0x00000000   Code   RO         2133    .ARM.Collect$$libinit$$0000002C  c_w.l(libinit2.o)
    0x080001c4   0x080001c4   0x00000000   Code   RO         2135    .ARM.Collect$$libinit$$0000002E  c_w.l(libinit2.o)
    0x080001c4   0x080001c4   0x00000000   Code   RO         2137    .ARM.Collect$$libinit$$00000030  c_w.l(libinit2.o)
    0x080001c4   0x080001c4   0x00000000   Code   RO         2139    .ARM.Collect$$libinit$$00000032  c_w.l(libinit2.o)
    0x080001c4   0x080001c4   0x00000002   Code   RO         2140    .ARM.Collect$$libinit$$00000033  c_w.l(libinit2.o)
    0x080001c6   0x080001c6   0x00000002   Code   RO         2168    .ARM.Collect$$libshutdown$$00000000  c_w.l(libshutdown.o)
    0x080001c8   0x080001c8   0x00000000   Code   RO         2177    .ARM.Collect$$libshutdown$$00000002  c_w.l(libshutdown2.o)
    0x080001c8   0x080001c8   0x00000000   Code   RO         2179    .ARM.Collect$$libshutdown$$00000004  c_w.l(libshutdown2.o)
    0x080001c8   0x080001c8   0x00000000   Code   RO         2181    .ARM.Collect$$libshutdown$$00000006  c_w.l(libshutdown2.o)
    0x080001c8   0x080001c8   0x00000000   Code   RO         2184    .ARM.Collect$$libshutdown$$00000009  c_w.l(libshutdown2.o)
    0x080001c8   0x080001c8   0x00000000   Code   RO         2187    .ARM.Collect$$libshutdown$$0000000C  c_w.l(libshutdown2.o)
    0x080001c8   0x080001c8   0x00000000   Code   RO         2189    .ARM.Collect$$libshutdown$$0000000E  c_w.l(libshutdown2.o)
    0x080001c8   0x080001c8   0x00000000   Code   RO         2192    .ARM.Collect$$libshutdown$$00000011  c_w.l(libshutdown2.o)
    0x080001c8   0x080001c8   0x00000002   Code   RO         2193    .ARM.Collect$$libshutdown$$00000012  c_w.l(libshutdown2.o)
    0x080001ca   0x080001ca   0x00000000   Code   RO         2002    .ARM.Collect$$rtentry$$00000000  c_w.l(__rtentry.o)
    0x080001ca   0x080001ca   0x00000000   Code   RO         2018    .ARM.Collect$$rtentry$$00000002  c_w.l(__rtentry2.o)
    0x080001ca   0x080001ca   0x00000006   Code   RO         2030    .ARM.Collect$$rtentry$$00000004  c_w.l(__rtentry4.o)
    0x080001d0   0x080001d0   0x00000000   Code   RO         2020    .ARM.Collect$$rtentry$$00000009  c_w.l(__rtentry2.o)
    0x080001d0   0x080001d0   0x00000004   Code   RO         2021    .ARM.Collect$$rtentry$$0000000A  c_w.l(__rtentry2.o)
    0x080001d4   0x080001d4   0x00000000   Code   RO         2023    .ARM.Collect$$rtentry$$0000000C  c_w.l(__rtentry2.o)
    0x080001d4   0x080001d4   0x00000008   Code   RO         2024    .ARM.Collect$$rtentry$$0000000D  c_w.l(__rtentry2.o)
    0x080001dc   0x080001dc   0x00000002   Code   RO         2141    .ARM.Collect$$rtexit$$00000000  c_w.l(rtexit.o)
    0x080001de   0x080001de   0x00000000   Code   RO         2148    .ARM.Collect$$rtexit$$00000002  c_w.l(rtexit2.o)
    0x080001de   0x080001de   0x00000004   Code   RO         2149    .ARM.Collect$$rtexit$$00000003  c_w.l(rtexit2.o)
    0x080001e2   0x080001e2   0x00000006   Code   RO         2150    .ARM.Collect$$rtexit$$00000004  c_w.l(rtexit2.o)
    0x080001e8   0x080001e8   0x00000040   Code   RO         1870    .text               startup_stm32f10x_md.o
    0x08000228   0x08000228   0x00000002   Code   RO         1922    .text               c_w.l(use_no_semi_2.o)
    0x0800022a   0x0800022a   0x00000002   PAD
    0x0800022c   0x0800022c   0x00000018   Code   RO         1926    .text               c_w.l(noretval__2printf.o)
    0x08000244   0x08000244   0x000000b8   Code   RO         1933    .text               c_w.l(__printf_ss.o)
    0x080002fc   0x080002fc   0x00000006   Code   RO         1952    .text               c_w.l(heapauxi.o)
    0x08000302   0x08000302   0x00000002   Code   RO         2000    .text               c_w.l(use_no_semi.o)
    0x08000304   0x08000304   0x0000041e   Code   RO         2003    .text               c_w.l(_printf_fp_dec.o)
    0x08000722   0x08000722   0x00000002   PAD
    0x08000724   0x08000724   0x00000024   Code   RO         2005    .text               c_w.l(_printf_char_file.o)
    0x08000748   0x08000748   0x00000008   Code   RO         2035    .text               c_w.l(rt_locale_intlibspace.o)
    0x08000750   0x08000750   0x0000008a   Code   RO         2037    .text               c_w.l(lludiv10.o)
    0x080007da   0x080007da   0x00000002   PAD
    0x080007dc   0x080007dc   0x00000030   Code   RO         2039    .text               c_w.l(_printf_char_common.o)
    0x0800080c   0x0800080c   0x00000080   Code   RO         2041    .text               c_w.l(_printf_fp_infnan.o)
    0x0800088c   0x0800088c   0x000000e4   Code   RO         2043    .text               c_w.l(bigflt0.o)
    0x08000970   0x08000970   0x00000008   Code   RO         2068    .text               c_w.l(ferror.o)
    0x08000978   0x08000978   0x00000008   Code   RO         2079    .text               c_w.l(libspace.o)
    0x08000980   0x08000980   0x0000004a   Code   RO         2082    .text               c_w.l(sys_stackheap_outer.o)
    0x080009ca   0x080009ca   0x00000012   Code   RO         2086    .text               c_w.l(exit.o)
    0x080009dc   0x080009dc   0x00000080   Code   RO         2088    .text               c_w.l(strcmpv7m.o)
    0x08000a5c   0x08000a5c   0x0000003e   Code   RO         2046    CL$$btod_d2e        c_w.l(btod.o)
    0x08000a9a   0x08000a9a   0x00000046   Code   RO         2048    CL$$btod_d2e_denorm_low  c_w.l(btod.o)
    0x08000ae0   0x08000ae0   0x00000060   Code   RO         2047    CL$$btod_d2e_norm_op1  c_w.l(btod.o)
    0x08000b40   0x08000b40   0x00000338   Code   RO         2056    CL$$btod_div_common  c_w.l(btod.o)
    0x08000e78   0x08000e78   0x000000dc   Code   RO         2053    CL$$btod_e2e        c_w.l(btod.o)
    0x08000f54   0x08000f54   0x0000002a   Code   RO         2050    CL$$btod_ediv       c_w.l(btod.o)
    0x08000f7e   0x08000f7e   0x0000002a   Code   RO         2049    CL$$btod_emul       c_w.l(btod.o)
    0x08000fa8   0x08000fa8   0x00000244   Code   RO         2055    CL$$btod_mult_common  c_w.l(btod.o)
    0x080011ec   0x080011ec   0x0000005e   Code   RO          220    i.ADS1018_Config    adc.o
    0x0800124a   0x0800124a   0x00000002   PAD
    0x0800124c   0x0800124c   0x0000009c   Code   RO          221    i.ADS1018_Init      adc.o
    0x080012e8   0x080012e8   0x000000cc   Code   RO          222    i.ADS1018_ReadData  adc.o
    0x080013b4   0x080013b4   0x00000034   Code   RO          223    i.CS_Init           adc.o
    0x080013e8   0x080013e8   0x00000010   Code   RO          224    i.CS_Reset          adc.o
    0x080013f8   0x080013f8   0x00000010   Code   RO          225    i.CS_Set            adc.o
    0x08001408   0x08001408   0x00000116   Code   RO          582    i.GPIO_Init         stm32f10x_gpio.o
    0x0800151e   0x0800151e   0x00000002   PAD
    0x08001520   0x08001520   0x00000090   Code   RO          584    i.GPIO_PinRemapConfig  stm32f10x_gpio.o
    0x080015b0   0x080015b0   0x00000004   Code   RO          589    i.GPIO_ResetBits    stm32f10x_gpio.o
    0x080015b4   0x080015b4   0x00000004   Code   RO          590    i.GPIO_SetBits      stm32f10x_gpio.o
    0x080015b8   0x080015b8   0x00000070   Code   RO          528    i.NVIC_Init         misc.o
    0x08001628   0x08001628   0x00000014   Code   RO          529    i.NVIC_PriorityGroupConfig  misc.o
    0x0800163c   0x0800163c   0x00000030   Code   RO          371    i.OLED_Clear        oled.o
    0x0800166c   0x0800166c   0x0000001c   Code   RO          372    i.OLED_ColorTurn    oled.o
    0x08001688   0x08001688   0x0000002c   Code   RO          375    i.OLED_DisplayTurn  oled.o
    0x080016b4   0x080016b4   0x00000078   Code   RO          378    i.OLED_DrawPoint    oled.o
    0x0800172c   0x0800172c   0x00000160   Code   RO          379    i.OLED_Init         oled.o
    0x0800188c   0x0800188c   0x00000016   Code   RO          380    i.OLED_Pow          oled.o
    0x080018a2   0x080018a2   0x00000002   PAD
    0x080018a4   0x080018a4   0x0000004c   Code   RO          381    i.OLED_Refresh      oled.o
    0x080018f0   0x080018f0   0x0000013c   Code   RO          383    i.OLED_ShowChar     oled.o
    0x08001a2c   0x08001a2c   0x00000104   Code   RO          384    i.OLED_ShowChinese  oled.o
    0x08001b30   0x08001b30   0x0000008c   Code   RO          385    i.OLED_ShowNum      oled.o
    0x08001bbc   0x08001bbc   0x00000074   Code   RO          388    i.OLED_WR_Byte      oled.o
    0x08001c30   0x08001c30   0x00000020   Code   RO          704    i.RCC_APB1PeriphClockCmd  stm32f10x_rcc.o
    0x08001c50   0x08001c50   0x00000020   Code   RO          705    i.RCC_APB1PeriphResetCmd  stm32f10x_rcc.o
    0x08001c70   0x08001c70   0x00000020   Code   RO          706    i.RCC_APB2PeriphClockCmd  stm32f10x_rcc.o
    0x08001c90   0x08001c90   0x00000020   Code   RO          707    i.RCC_APB2PeriphResetCmd  stm32f10x_rcc.o
    0x08001cb0   0x08001cb0   0x000000d4   Code   RO          714    i.RCC_GetClocksFreq  stm32f10x_rcc.o
    0x08001d84   0x08001d84   0x0000005c   Code   RO          226    i.SPI2_ReadWriteByte  adc.o
    0x08001de0   0x08001de0   0x00000018   Code   RO          919    i.SPI_Cmd           stm32f10x_spi.o
    0x08001df8   0x08001df8   0x00000058   Code   RO          926    i.SPI_I2S_DeInit    stm32f10x_spi.o
    0x08001e50   0x08001e50   0x00000012   Code   RO          927    i.SPI_I2S_GetFlagStatus  stm32f10x_spi.o
    0x08001e62   0x08001e62   0x00000006   Code   RO          930    i.SPI_I2S_ReceiveData  stm32f10x_spi.o
    0x08001e68   0x08001e68   0x00000004   Code   RO          931    i.SPI_I2S_SendData  stm32f10x_spi.o
    0x08001e6c   0x08001e6c   0x0000003c   Code   RO          932    i.SPI_Init          stm32f10x_spi.o
    0x08001ea8   0x08001ea8   0x00000008   Code   RO         1877    i.SetSysClock       system_stm32f10x.o
    0x08001eb0   0x08001eb0   0x000000e0   Code   RO         1878    i.SetSysClockTo72   system_stm32f10x.o
    0x08001f90   0x08001f90   0x00000028   Code   RO          532    i.SysTick_CLKSourceConfig  misc.o
    0x08001fb8   0x08001fb8   0x00000060   Code   RO         1880    i.SystemInit        system_stm32f10x.o
    0x08002018   0x08002018   0x0000002c   Code   RO          125    i.TIM2_IRQHandler   main.o
    0x08002044   0x08002044   0x00000006   Code   RO         1080    i.TIM_ClearFlag     stm32f10x_tim.o
    0x0800204a   0x0800204a   0x00000006   Code   RO         1081    i.TIM_ClearITPendingBit  stm32f10x_tim.o
    0x08002050   0x08002050   0x00000018   Code   RO         1086    i.TIM_Cmd           stm32f10x_tim.o
    0x08002068   0x08002068   0x00000022   Code   RO         1107    i.TIM_GetITStatus   stm32f10x_tim.o
    0x0800208a   0x0800208a   0x00000012   Code   RO         1111    i.TIM_ITConfig      stm32f10x_tim.o
    0x0800209c   0x0800209c   0x0000000c   Code   RO         1113    i.TIM_InternalClockConfig  stm32f10x_tim.o
    0x080020a8   0x080020a8   0x000000a4   Code   RO         1157    i.TIM_TimeBaseInit  stm32f10x_tim.o
    0x0800214c   0x0800214c   0x0000007c   Code   RO          504    i.Timer2_Init       timer.o
    0x080021c8   0x080021c8   0x00000088   Code   RO          318    i.USART1_IRQHandler  usart.o
    0x08002250   0x08002250   0x00000018   Code   RO         1634    i.USART_Cmd         stm32f10x_usart.o
    0x08002268   0x08002268   0x00000054   Code   RO         1638    i.USART_GetITStatus  stm32f10x_usart.o
    0x080022bc   0x080022bc   0x0000004a   Code   RO         1640    i.USART_ITConfig    stm32f10x_usart.o
    0x08002306   0x08002306   0x00000002   PAD
    0x08002308   0x08002308   0x000000d8   Code   RO         1641    i.USART_Init        stm32f10x_usart.o
    0x080023e0   0x080023e0   0x0000000a   Code   RO         1648    i.USART_ReceiveData  stm32f10x_usart.o
    0x080023ea   0x080023ea   0x00000028   Code   RO         2077    i.__ARM_fpclassify  m_ws.l(fpclassify.o)
    0x08002412   0x08002412   0x00000004   Code   RO          319    i._sys_exit         usart.o
    0x08002416   0x08002416   0x0000001c   Code   RO          227    i.complement_to_signed  adc.o
    0x08002432   0x08002432   0x00000002   PAD
    0x08002434   0x08002434   0x00000044   Code   RO            4    i.delay_init        delay.o
    0x08002478   0x08002478   0x0000004c   Code   RO            5    i.delay_ms          delay.o
    0x080024c4   0x080024c4   0x0000001c   Code   RO          320    i.fputc             usart.o
    0x080024e0   0x080024e0   0x000000f4   Code   RO          126    i.main              main.o
    0x080025d4   0x080025d4   0x000000cc   Code   RO          229    i.read_SensorObj    adc.o
    0x080026a0   0x080026a0   0x00000026   Code   RO          230    i.read_SensorObjV   adc.o
    0x080026c6   0x080026c6   0x00000002   PAD
    0x080026c8   0x080026c8   0x000000ac   Code   RO          231    i.read_SensorTemp   adc.o
    0x08002774   0x08002774   0x0000006c   Code   RO          232    i.read_SensorTempR  adc.o
    0x080027e0   0x080027e0   0x000000c8   Code   RO          127    i.showFloat         main.o
    0x080028a8   0x080028a8   0x000000b4   Code   RO          128    i.showFloat2        main.o
    0x0800295c   0x0800295c   0x00000084   Code   RO          129    i.showchs           main.o
    0x080029e0   0x080029e0   0x000000a0   Code   RO          321    i.uart_init         usart.o
    0x08002a80   0x08002a80   0x0000002c   Code   RO         2073    locale$$code        c_w.l(lc_numeric_c.o)
    0x08002aac   0x08002aac   0x00000062   Code   RO         1956    x$fpl$d2f           fz_ws.l(d2f.o)
    0x08002b0e   0x08002b0e   0x00000002   PAD
    0x08002b10   0x08002b10   0x00000150   Code   RO         1958    x$fpl$dadd          fz_ws.l(daddsub_clz.o)
    0x08002c60   0x08002c60   0x000002b0   Code   RO         1965    x$fpl$ddiv          fz_ws.l(ddiv.o)
    0x08002f10   0x08002f10   0x0000002e   Code   RO         1969    x$fpl$dflt          fz_ws.l(dflt_clz.o)
    0x08002f3e   0x08002f3e   0x00000002   PAD
    0x08002f40   0x08002f40   0x00000154   Code   RO         1974    x$fpl$dmul          fz_ws.l(dmul.o)
    0x08003094   0x08003094   0x0000009c   Code   RO         2008    x$fpl$dnaninf       fz_ws.l(dnaninf.o)
    0x08003130   0x08003130   0x0000000c   Code   RO         2010    x$fpl$dretinf       fz_ws.l(dretinf.o)
    0x0800313c   0x0800313c   0x000001d4   Code   RO         1960    x$fpl$dsub          fz_ws.l(daddsub_clz.o)
    0x08003310   0x08003310   0x000000c4   Code   RO         1976    x$fpl$fadd          fz_ws.l(faddsub_clz.o)
    0x080033d4   0x080033d4   0x00000036   Code   RO         1982    x$fpl$ffix          fz_ws.l(ffix.o)
    0x0800340a   0x0800340a   0x00000002   PAD
    0x0800340c   0x0800340c   0x0000003e   Code   RO         1986    x$fpl$ffixu         fz_ws.l(ffixu.o)
    0x0800344a   0x0800344a   0x00000002   PAD
    0x0800344c   0x0800344c   0x00000030   Code   RO         1991    x$fpl$fflt          fz_ws.l(fflt_clz.o)
    0x0800347c   0x0800347c   0x00000102   Code   RO         1996    x$fpl$fmul          fz_ws.l(fmul.o)
    0x0800357e   0x0800357e   0x0000008c   Code   RO         2012    x$fpl$fnaninf       fz_ws.l(fnaninf.o)
    0x0800360a   0x0800360a   0x0000000a   Code   RO         2014    x$fpl$fretinf       fz_ws.l(fretinf.o)
    0x08003614   0x08003614   0x00000014   Code   RO         1977    x$fpl$frsb          fz_ws.l(faddsub_clz.o)
    0x08003628   0x08003628   0x000000ea   Code   RO         1978    x$fpl$fsub          fz_ws.l(faddsub_clz.o)
    0x08003712   0x08003712   0x00000004   Code   RO         1998    x$fpl$printf1       fz_ws.l(printf1.o)
    0x08003716   0x08003716   0x00000000   Code   RO         2016    x$fpl$usenofp       fz_ws.l(usenofp.o)
    0x08003716   0x08003716   0x00001dd0   Data   RO          390    .constdata          oled.o
    0x080054e6   0x080054e6   0x00000002   PAD
    0x080054e8   0x080054e8   0x00000094   Data   RO         2044    .constdata          c_w.l(bigflt0.o)
    0x0800557c   0x0800557c   0x00000020   Data   RO         2218    Region$$Table       anon$$obj.o
    0x0800559c   0x0800559c   0x0000001c   Data   RO         2072    locale$$data        c_w.l(lc_numeric_c.o)


    Execution Region RW_IRAM1 (Exec base: 0x20000000, Load base: 0x080055b8, Size: 0x00001578, Max: 0x00005000, ABSOLUTE, COMPRESSED[0x00000504])

    Exec Addr    Load Addr    Size         Type   Attr      Idx    E Section Name        Object

    0x20000000   COMPRESSED   0x00000004   Data   RW            7    .data               delay.o
    0x20000004   COMPRESSED   0x00000004   PAD
    0x20000008   COMPRESSED   0x000004d0   Data   RW          130    .data               main.o
    0x200004d8   COMPRESSED   0x000004c8   Data   RW          233    .data               adc.o
    0x200009a0   COMPRESSED   0x00000006   Data   RW          323    .data               usart.o
    0x200009a6   COMPRESSED   0x00000014   Data   RW          734    .data               stm32f10x_rcc.o
    0x200009ba   COMPRESSED   0x00000002   PAD
    0x200009bc   COMPRESSED   0x00000014   Data   RW         1881    .data               system_stm32f10x.o
    0x200009d0        -       0x000000c8   Zero   RW          322    .bss                usart.o
    0x20000a98        -       0x00000480   Zero   RW          389    .bss                oled.o
    0x20000f18        -       0x00000060   Zero   RW         2080    .bss                c_w.l(libspace.o)
    0x20000f78        -       0x00000200   Zero   RW         1868    HEAP                startup_stm32f10x_md.o
    0x20001178        -       0x00000400   Zero   RW         1867    STACK               startup_stm32f10x_md.o


==============================================================================

Image component sizes


      Code (inc. data)   RO Data    RW Data    ZI Data      Debug   Object Name

      1180        108          0       1224          0       7553   adc.o
       144         22          0          4          0     262044   delay.o
       800         32          0       1232          0       4321   main.o
       172         22          0          0          0       2521   misc.o
      1522         72       7632          0       1152       8973   oled.o
        64         26        236          0       1536        804   startup_stm32f10x_md.o
       430          6          0          0          0       4402   stm32f10x_gpio.o
       340         44          0         20          0       6184   stm32f10x_rcc.o
       200         12          0          0          0       5079   stm32f10x_spi.o
       264         42          0          0          0       5344   stm32f10x_tim.o
       408          6          0          0          0       5590   stm32f10x_usart.o
       328         28          0         20          0       2345   system_stm32f10x.o
       124          0          0          0          0        566   timer.o
       328         26          0          6        200       4148   usart.o

    ----------------------------------------------------------------------
      6316        446       7902       2512       2888     319874   Object Totals
         0          0         32          0          0          0   (incl. Generated)
        12          0          2          6          0          0   (incl. Padding)

    ----------------------------------------------------------------------

      Code (inc. data)   RO Data    RW Data    ZI Data      Debug   Library Member Name

       100          0          0          0          0          0   __dclz77c.o
         8          0          0          0          0         68   __main.o
       184          0          0          0          0         84   __printf_ss.o
         0          0          0          0          0          0   __rtentry.o
        12          0          0          0          0          0   __rtentry2.o
         6          0          0          0          0          0   __rtentry4.o
        52          8          0          0          0          0   __scatter.o
        28          0          0          0          0          0   __scatter_zi.o
        48          6          0          0          0         96   _printf_char_common.o
        36          4          0          0          0         80   _printf_char_file.o
         6          0          0          0          0          0   _printf_f.o
      1054          0          0          0          0        216   _printf_fp_dec.o
       128         16          0          0          0         84   _printf_fp_infnan.o
         0          0          0          0          0          0   _printf_percent.o
         4          0          0          0          0          0   _printf_percent_end.o
       228          4        148          0          0         96   bigflt0.o
      1936        128          0          0          0        672   btod.o
        18          0          0          0          0         80   exit.o
         8          0          0          0          0         68   ferror.o
         6          0          0          0          0        152   heapauxi.o
        44         10         28          0          0         76   lc_numeric_c.o
         2          0          0          0          0          0   libinit.o
        18          0          0          0          0          0   libinit2.o
         2          0          0          0          0          0   libshutdown.o
         2          0          0          0          0          0   libshutdown2.o
         8          4          0          0         96         68   libspace.o
       138          0          0          0          0         80   lludiv10.o
        24          4          0          0          0         84   noretval__2printf.o
         8          4          0          0          0         68   rt_locale_intlibspace.o
         2          0          0          0          0          0   rtexit.o
        10          0          0          0          0          0   rtexit2.o
       128          0          0          0          0         68   strcmpv7m.o
        74          0          0          0          0         80   sys_stackheap_outer.o
         2          0          0          0          0         68   use_no_semi.o
         2          0          0          0          0         68   use_no_semi_2.o
        98          4          0          0          0         92   d2f.o
       804         16          0          0          0        272   daddsub_clz.o
       688        140          0          0          0        208   ddiv.o
        46          0          0          0          0         68   dflt_clz.o
       340         12          0          0          0        104   dmul.o
       156          4          0          0          0         92   dnaninf.o
        12          0          0          0          0         68   dretinf.o
       450          8          0          0          0        236   faddsub_clz.o
        54          4          0          0          0         84   ffix.o
        62          4          0          0          0         84   ffixu.o
        48          0          0          0          0         68   fflt_clz.o
       258          4          0          0          0         84   fmul.o
       140          4          0          0          0         84   fnaninf.o
        10          0          0          0          0         68   fretinf.o
         4          0          0          0          0         68   printf1.o
         0          0          0          0          0          0   usenofp.o
        40          0          0          0          0         68   fpclassify.o

    ----------------------------------------------------------------------
      7550        388        176          0         96       4104   Library Totals
        14          0          0          0          0          0   (incl. Padding)

    ----------------------------------------------------------------------

      Code (inc. data)   RO Data    RW Data    ZI Data      Debug   Library Name

      4326        188        176          0         96       2356   c_w.l
      3170        200          0          0          0       1680   fz_ws.l
        40          0          0          0          0         68   m_ws.l

    ----------------------------------------------------------------------
      7550        388        176          0         96       4104   Library Totals

    ----------------------------------------------------------------------

==============================================================================


      Code (inc. data)   RO Data    RW Data    ZI Data      Debug   

     13866        834       8078       2512       2984     318410   Grand Totals
     13866        834       8078       1284       2984     318410   ELF Image Totals (compressed)
     13866        834       8078       1284          0          0   ROM Totals

==============================================================================

    Total RO  Size (Code + RO Data)                21944 (  21.43kB)
    Total RW  Size (RW Data + ZI Data)              5496 (   5.37kB)
    Total ROM Size (Code + RO Data + RW Data)      23228 (  22.68kB)

==============================================================================

